<?xml version="1.0" encoding="utf-8"?>
<TestRun id="cb993aa6-74a4-4257-b8b0-a4bdd25de830" name="Abel Briones@DESKTOP-FB2ES22 2025-07-01 15:59:19" runUser="DESKTOP-FB2ES22\Abel Briones" xmlns="http://microsoft.com/schemas/VisualStudio/TeamTest/2010">
  <Times creation="2025-07-01T15:59:19.7271772-06:00" queuing="2025-07-01T15:59:19.7271781-06:00" start="2025-07-01T15:59:17.7785015-06:00" finish="2025-07-01T15:59:19.9794780-06:00" />
  <TestSettings name="default" id="344be6df-b3db-4efd-9107-5b0ff8d893c1">
    <Deployment runDeploymentRoot="Abel_Briones_DESKTOP-FB2ES22_2025-07-01_15_59_19" />
  </TestSettings>
  <Results>
    <UnitTestResult executionId="ee199e20-49b8-429a-80d0-cf30f708c2b3" testId="b59c66e5-a40f-5a77-55b9-52c10b9a4c67" testName="ExxerAI.Infrastructure.Tests.InMemoryTaskRepositoryTests+ValidationTests.Should_ReturnFailure_When_ExistsWithEmptyId" computerName="DESKTOP-FB2ES22" duration="00:00:00.0008582" startTime="2025-07-01T15:59:19.7801339-06:00" endTime="2025-07-01T15:59:19.7869290-06:00" testType="13cdc9d9-ddb5-4fa4-a97d-d965ccfc6d4b" outcome="Passed" testListId="8c84fa94-04c1-424b-9868-57a2d4851a1d" relativeResultsDirectory="ee199e20-49b8-429a-80d0-cf30f708c2b3" />
    <UnitTestResult executionId="9cde6cad-a81c-496d-83b9-7b3c6eb8d9d8" testId="9ad09d4a-6082-7cd0-b8cb-d45de156d38a" testName="ExxerAI.Infrastructure.Tests.InMemoryTaskRepositoryTests+ValidationTests.Should_ReturnFailure_When_AddingNullTask" computerName="DESKTOP-FB2ES22" duration="00:00:00.3441670" startTime="2025-07-01T15:59:19.2406119-06:00" endTime="2025-07-01T15:59:19.5961137-06:00" testType="13cdc9d9-ddb5-4fa4-a97d-d965ccfc6d4b" outcome="Passed" testListId="8c84fa94-04c1-424b-9868-57a2d4851a1d" relativeResultsDirectory="9cde6cad-a81c-496d-83b9-7b3c6eb8d9d8" />
    <UnitTestResult executionId="79795302-08d9-440a-acfa-dcb2e5f99a39" testId="bebff52e-a2cf-dbab-4ce8-1e61a5870694" testName="ExxerAI.Infrastructure.Tests.InMemoryTaskRepositoryTests+ConcurrencyTests.Should_HandleConcurrentUpdates_When_MultipleThreadsUpdating" computerName="DESKTOP-FB2ES22" duration="00:00:00.0026739" startTime="2025-07-01T15:59:19.6778637-06:00" endTime="2025-07-01T15:59:19.7192290-06:00" testType="13cdc9d9-ddb5-4fa4-a97d-d965ccfc6d4b" outcome="Passed" testListId="8c84fa94-04c1-424b-9868-57a2d4851a1d" relativeResultsDirectory="79795302-08d9-440a-acfa-dcb2e5f99a39" />
    <UnitTestResult executionId="947f10de-dfbc-42a9-a8c9-6cba6053d04d" testId="2d761aa2-2364-d551-aba9-6963a8c8d85a" testName="ExxerAI.Infrastructure.Tests.InMemoryAgentRepositoryTests+ValidationTests.Should_ReturnFailure_When_UpdatingNullAgent" computerName="DESKTOP-FB2ES22" duration="00:00:00.0014416" startTime="2025-07-01T15:59:19.6279392-06:00" endTime="2025-07-01T15:59:19.6793708-06:00" testType="13cdc9d9-ddb5-4fa4-a97d-d965ccfc6d4b" outcome="Passed" testListId="8c84fa94-04c1-424b-9868-57a2d4851a1d" relativeResultsDirectory="947f10de-dfbc-42a9-a8c9-6cba6053d04d" />
    <UnitTestResult executionId="05864775-6707-43e1-8a17-1af7c212d822" testId="0b4ffc8f-adf2-3e42-e63e-241660ac25aa" testName="ExxerAI.Infrastructure.Tests.InMemoryTaskRepositoryTests+QueryOperationsTests.Should_GetTasksByStatus_When_StatusMatches" computerName="DESKTOP-FB2ES22" duration="00:00:00.0024353" startTime="2025-07-01T15:59:19.8035690-06:00" endTime="2025-07-01T15:59:19.8045109-06:00" testType="13cdc9d9-ddb5-4fa4-a97d-d965ccfc6d4b" outcome="Passed" testListId="8c84fa94-04c1-424b-9868-57a2d4851a1d" relativeResultsDirectory="05864775-6707-43e1-8a17-1af7c212d822" />
    <UnitTestResult executionId="b3b1fadd-7cdb-49af-814d-a5232f71a246" testId="0fc58baa-a1eb-d394-50d8-1abab884124b" testName="ExxerAI.Infrastructure.Tests.InMemoryAgentRepositoryTests+CrudOperationsTests.Should_ReturnFailure_When_AgentNotFound" computerName="DESKTOP-FB2ES22" duration="00:00:00.3442382" startTime="2025-07-01T15:59:19.2406495-06:00" endTime="2025-07-01T15:59:19.5691027-06:00" testType="13cdc9d9-ddb5-4fa4-a97d-d965ccfc6d4b" outcome="Passed" testListId="8c84fa94-04c1-424b-9868-57a2d4851a1d" relativeResultsDirectory="b3b1fadd-7cdb-49af-814d-a5232f71a246" />
    <UnitTestResult executionId="71df3772-328b-49dc-b971-88093301d2ff" testId="b99b4a5f-ca2c-58ee-11e5-73447a08ac7b" testName="ExxerAI.Infrastructure.Tests.InMemoryTaskRepositoryTests+ExistenceTests.Should_ReturnFalse_When_TaskDoesNotExist" computerName="DESKTOP-FB2ES22" duration="00:00:00.3435933" startTime="2025-07-01T15:59:19.2407273-06:00" endTime="2025-07-01T15:59:19.5958921-06:00" testType="13cdc9d9-ddb5-4fa4-a97d-d965ccfc6d4b" outcome="Passed" testListId="8c84fa94-04c1-424b-9868-57a2d4851a1d" relativeResultsDirectory="71df3772-328b-49dc-b971-88093301d2ff" />
    <UnitTestResult executionId="f96e5d93-392f-4e94-9c8b-5f5ccd0b03c0" testId="e5c6802b-dd05-abf2-22d5-490064e567b4" testName="ExxerAI.Infrastructure.Tests.InMemoryTaskRepositoryTests+ValidationTests.Should_ReturnFailure_When_GetByTypeWithEmptyType" computerName="DESKTOP-FB2ES22" duration="00:00:00.0065230" startTime="2025-07-01T15:59:19.7918523-06:00" endTime="2025-07-01T15:59:19.8030573-06:00" testType="13cdc9d9-ddb5-4fa4-a97d-d965ccfc6d4b" outcome="Passed" testListId="8c84fa94-04c1-424b-9868-57a2d4851a1d" relativeResultsDirectory="f96e5d93-392f-4e94-9c8b-5f5ccd0b03c0" />
    <UnitTestResult executionId="df54fcf6-93cc-4c95-9080-b9fe8b6fbaa9" testId="4a645ccc-dee3-9b88-edae-91990ad4cf28" testName="ExxerAI.Infrastructure.Tests.InMemoryAgentRepositoryTests+QueryOperationsTests.Should_GetAgentsByStatus_When_StatusMatches" computerName="DESKTOP-FB2ES22" duration="00:00:00.0031396" startTime="2025-07-01T15:59:19.7932909-06:00" endTime="2025-07-01T15:59:19.8036659-06:00" testType="13cdc9d9-ddb5-4fa4-a97d-d965ccfc6d4b" outcome="Passed" testListId="8c84fa94-04c1-424b-9868-57a2d4851a1d" relativeResultsDirectory="df54fcf6-93cc-4c95-9080-b9fe8b6fbaa9" />
    <UnitTestResult executionId="45ee841a-5b12-4cd7-a0db-12a58182bd4a" testId="2a6151b7-6749-faf2-6ba0-1c0f4e094b16" testName="ExxerAI.Infrastructure.Tests.InMemoryTaskRepositoryTests+CrudOperationsTests.Should_UpdateTask_When_TaskExists" computerName="DESKTOP-FB2ES22" duration="00:00:00.0099113" startTime="2025-07-01T15:59:19.8029614-06:00" endTime="2025-07-01T15:59:19.8084985-06:00" testType="13cdc9d9-ddb5-4fa4-a97d-d965ccfc6d4b" outcome="Passed" testListId="8c84fa94-04c1-424b-9868-57a2d4851a1d" relativeResultsDirectory="45ee841a-5b12-4cd7-a0db-12a58182bd4a" />
    <UnitTestResult executionId="443c8b59-c1b3-4c5d-83db-851861aa5084" testId="aec1f437-64e3-4344-3f27-d7ab921d9cab" testName="ExxerAI.Infrastructure.Tests.InMemoryTaskRepositoryTests+EdgeCaseTests.Should_HandleTasksWithNoDeadline_When_CheckingOverdue" computerName="DESKTOP-FB2ES22" duration="00:00:00.4003140" startTime="2025-07-01T15:59:19.2390720-06:00" endTime="2025-07-01T15:59:19.8039934-06:00" testType="13cdc9d9-ddb5-4fa4-a97d-d965ccfc6d4b" outcome="Passed" testListId="8c84fa94-04c1-424b-9868-57a2d4851a1d" relativeResultsDirectory="443c8b59-c1b3-4c5d-83db-851861aa5084" />
    <UnitTestResult executionId="e4986e60-7c23-4586-9510-4f2ba3e9658f" testId="864d4377-223d-f93a-2640-50dadacbbb26" testName="ExxerAI.Infrastructure.Tests.InMemoryTaskRepositoryTests+CrudOperationsTests.Should_GetAllTasks_When_TasksExist" computerName="DESKTOP-FB2ES22" duration="00:00:00.3908200" startTime="2025-07-01T15:59:19.2407988-06:00" endTime="2025-07-01T15:59:19.7805776-06:00" testType="13cdc9d9-ddb5-4fa4-a97d-d965ccfc6d4b" outcome="Passed" testListId="8c84fa94-04c1-424b-9868-57a2d4851a1d" relativeResultsDirectory="e4986e60-7c23-4586-9510-4f2ba3e9658f" />
    <UnitTestResult executionId="453a7147-fa9a-4d73-9305-e203d10cbaaf" testId="16267140-22fe-7541-085d-0b7f6b30f826" testName="ExxerAI.Infrastructure.Tests.InMemoryTaskRepositoryTests+ValidationTests.Should_ReturnFailure_When_UpdatingNonExistentTask" computerName="DESKTOP-FB2ES22" duration="00:00:00.0014436" startTime="2025-07-01T15:59:19.6818117-06:00" endTime="2025-07-01T15:59:19.6834416-06:00" testType="13cdc9d9-ddb5-4fa4-a97d-d965ccfc6d4b" outcome="Passed" testListId="8c84fa94-04c1-424b-9868-57a2d4851a1d" relativeResultsDirectory="453a7147-fa9a-4d73-9305-e203d10cbaaf" />
    <UnitTestResult executionId="386fc5b2-42f8-4b25-a431-9ad6655f1d33" testId="972a990d-1652-cf03-6419-1eaa3608cbd4" testName="ExxerAI.Infrastructure.Tests.InMemoryTaskRepositoryTests+QueryOperationsTests.Should_GetOverdueTasks_When_TasksPastDeadline" computerName="DESKTOP-FB2ES22" duration="00:00:00.0025311" startTime="2025-07-01T15:59:19.8024350-06:00" endTime="2025-07-01T15:59:19.8033027-06:00" testType="13cdc9d9-ddb5-4fa4-a97d-d965ccfc6d4b" outcome="Passed" testListId="8c84fa94-04c1-424b-9868-57a2d4851a1d" relativeResultsDirectory="386fc5b2-42f8-4b25-a431-9ad6655f1d33" />
    <UnitTestResult executionId="bc1ab404-4887-4cf8-a8ce-d32a1f8ae6ab" testId="503f78d3-8b19-ec3b-ce53-f3acc189a129" testName="ExxerAI.Infrastructure.Tests.InMemoryAgentRepositoryTests+ValidationTests.Should_CheckExistence_When_AgentExists" computerName="DESKTOP-FB2ES22" duration="00:00:00.0012553" startTime="2025-07-01T15:59:19.7741238-06:00" endTime="2025-07-01T15:59:19.7743469-06:00" testType="13cdc9d9-ddb5-4fa4-a97d-d965ccfc6d4b" outcome="Passed" testListId="8c84fa94-04c1-424b-9868-57a2d4851a1d" relativeResultsDirectory="bc1ab404-4887-4cf8-a8ce-d32a1f8ae6ab" />
    <UnitTestResult executionId="5567f5c5-303d-4c35-9d3c-6102ac515d5c" testId="2d3c03ef-6372-cc7f-6477-e1199f43b595" testName="ExxerAI.Infrastructure.Tests.InMemoryTaskRepositoryTests+ConcurrencyTests.Should_HandleConcurrentAdds_When_MultipleThreadsAddingTasks" computerName="DESKTOP-FB2ES22" duration="00:00:00.3498515" startTime="2025-07-01T15:59:19.2407631-06:00" endTime="2025-07-01T15:59:19.6759166-06:00" testType="13cdc9d9-ddb5-4fa4-a97d-d965ccfc6d4b" outcome="Passed" testListId="8c84fa94-04c1-424b-9868-57a2d4851a1d" relativeResultsDirectory="5567f5c5-303d-4c35-9d3c-6102ac515d5c" />
    <UnitTestResult executionId="0c7257d2-dea7-4943-8886-6cbec9430359" testId="aa91a762-9486-8962-d362-af6a78b34ae0" testName="ExxerAI.Infrastructure.Tests.InMemoryTaskRepositoryTests+CrudOperationsTests.Should_DeleteTask_When_TaskExists" computerName="DESKTOP-FB2ES22" duration="00:00:00.0037413" startTime="2025-07-01T15:59:19.7867448-06:00" endTime="2025-07-01T15:59:19.7919691-06:00" testType="13cdc9d9-ddb5-4fa4-a97d-d965ccfc6d4b" outcome="Passed" testListId="8c84fa94-04c1-424b-9868-57a2d4851a1d" relativeResultsDirectory="0c7257d2-dea7-4943-8886-6cbec9430359" />
    <UnitTestResult executionId="35473183-bf32-419e-a212-00d17d962342" testId="4f51aaaf-5aaf-c97d-6823-51f38a0c7b25" testName="ExxerAI.Infrastructure.Tests.InMemoryTaskRepositoryTests+ValidationTests.Should_ReturnFailure_When_UpdatingNullTask" computerName="DESKTOP-FB2ES22" duration="00:00:00.0007367" startTime="2025-07-01T15:59:19.7790970-06:00" endTime="2025-07-01T15:59:19.7793677-06:00" testType="13cdc9d9-ddb5-4fa4-a97d-d965ccfc6d4b" outcome="Passed" testListId="8c84fa94-04c1-424b-9868-57a2d4851a1d" relativeResultsDirectory="35473183-bf32-419e-a212-00d17d962342" />
    <UnitTestResult executionId="03d550c3-d2fc-4c89-bfe2-0cc316c1dee8" testId="0304dbde-3be1-55b6-7c74-1904dfdafe3a" testName="ExxerAI.Infrastructure.Tests.UnitTest1.Test1" computerName="DESKTOP-FB2ES22" duration="00:00:00.3357126" startTime="2025-07-01T15:59:19.2389437-06:00" endTime="2025-07-01T15:59:19.6247102-06:00" testType="13cdc9d9-ddb5-4fa4-a97d-d965ccfc6d4b" outcome="Passed" testListId="8c84fa94-04c1-424b-9868-57a2d4851a1d" relativeResultsDirectory="03d550c3-d2fc-4c89-bfe2-0cc316c1dee8" />
    <UnitTestResult executionId="f5d27cd4-0b28-4013-9628-5be9d6c5871c" testId="1ce23298-4645-5f70-eb35-21bc78efb82e" testName="ExxerAI.Infrastructure.Tests.InMemoryTaskRepositoryTests+PerformanceTests.Should_HandleLargeTaskCollections_When_ManyTasksAdded" computerName="DESKTOP-FB2ES22" duration="00:00:00.4435072" startTime="2025-07-01T15:59:19.2390331-06:00" endTime="2025-07-01T15:59:19.8466533-06:00" testType="13cdc9d9-ddb5-4fa4-a97d-d965ccfc6d4b" outcome="Passed" testListId="8c84fa94-04c1-424b-9868-57a2d4851a1d" relativeResultsDirectory="f5d27cd4-0b28-4013-9628-5be9d6c5871c" />
    <UnitTestResult executionId="fe8d2a66-7361-4005-a518-6f790b79e43b" testId="5c9310af-fb77-d6b0-4bc8-79a980735c0a" testName="ExxerAI.Infrastructure.Tests.InMemoryTaskRepositoryTests+CrudOperationsTests.Should_ReturnFailure_When_TaskIdAlreadyExists" computerName="DESKTOP-FB2ES22" duration="00:00:00.0010627" startTime="2025-07-01T15:59:19.8088510-06:00" endTime="2025-07-01T15:59:19.8109913-06:00" testType="13cdc9d9-ddb5-4fa4-a97d-d965ccfc6d4b" outcome="Passed" testListId="8c84fa94-04c1-424b-9868-57a2d4851a1d" relativeResultsDirectory="fe8d2a66-7361-4005-a518-6f790b79e43b" />
    <UnitTestResult executionId="2a12d717-374b-423f-8783-15944fd379b9" testId="5f13569b-f776-395f-d51f-81b6db28d4c4" testName="ExxerAI.Infrastructure.Tests.InMemoryTaskRepositoryTests+EdgeCaseTests.Should_HandleEmptyRepository_When_NoTasksAdded" computerName="DESKTOP-FB2ES22" duration="00:00:00.0018214" startTime="2025-07-01T15:59:19.8066132-06:00" endTime="2025-07-01T15:59:19.8068978-06:00" testType="13cdc9d9-ddb5-4fa4-a97d-d965ccfc6d4b" outcome="Passed" testListId="8c84fa94-04c1-424b-9868-57a2d4851a1d" relativeResultsDirectory="2a12d717-374b-423f-8783-15944fd379b9" />
    <UnitTestResult executionId="5f6dbe57-3644-4214-8a46-d58059aa0784" testId="0d786b7b-caa4-2567-a381-11b870483a10" testName="ExxerAI.Infrastructure.Tests.InMemoryAgentRepositoryTests+CrudOperationsTests.Should_GetAllAgents_When_AgentsExist" computerName="DESKTOP-FB2ES22" duration="00:00:00.0021097" startTime="2025-07-01T15:59:19.8454915-06:00" endTime="2025-07-01T15:59:19.8455688-06:00" testType="13cdc9d9-ddb5-4fa4-a97d-d965ccfc6d4b" outcome="Passed" testListId="8c84fa94-04c1-424b-9868-57a2d4851a1d" relativeResultsDirectory="5f6dbe57-3644-4214-8a46-d58059aa0784" />
    <UnitTestResult executionId="0f399d4d-14b3-4926-841f-bd217795bb68" testId="85f6af41-81cd-929f-7956-1cc5999bd4d7" testName="ExxerAI.Infrastructure.Tests.InMemoryAgentRepositoryTests+CrudOperationsTests.Should_UpdateAgent_When_AgentExists" computerName="DESKTOP-FB2ES22" duration="00:00:00.0018024" startTime="2025-07-01T15:59:19.8445722-06:00" endTime="2025-07-01T15:59:19.8452398-06:00" testType="13cdc9d9-ddb5-4fa4-a97d-d965ccfc6d4b" outcome="Passed" testListId="8c84fa94-04c1-424b-9868-57a2d4851a1d" relativeResultsDirectory="0f399d4d-14b3-4926-841f-bd217795bb68" />
    <UnitTestResult executionId="53c546de-3d04-471a-86ca-4760baa3415a" testId="6cecaa58-9efc-a119-70e2-280950af6ba2" testName="ExxerAI.Infrastructure.Tests.InMemoryAgentRepositoryTests+ValidationTests.Should_ReturnFailure_When_UpdatingNonExistentAgent" computerName="DESKTOP-FB2ES22" duration="00:00:00.0009750" startTime="2025-07-01T15:59:19.7750270-06:00" endTime="2025-07-01T15:59:19.7797380-06:00" testType="13cdc9d9-ddb5-4fa4-a97d-d965ccfc6d4b" outcome="Passed" testListId="8c84fa94-04c1-424b-9868-57a2d4851a1d" relativeResultsDirectory="53c546de-3d04-471a-86ca-4760baa3415a" />
    <UnitTestResult executionId="b8d728a0-7048-48e8-a3bf-4f050083976f" testId="8b635890-86b0-ce5d-2d9a-dab52d409277" testName="ExxerAI.Infrastructure.Tests.InMemoryAgentRepositoryTests+CrudOperationsTests.Should_GetAgentById_When_AgentExists" computerName="DESKTOP-FB2ES22" duration="00:00:00.0013717" startTime="2025-07-01T15:59:19.8081892-06:00" endTime="2025-07-01T15:59:19.8089562-06:00" testType="13cdc9d9-ddb5-4fa4-a97d-d965ccfc6d4b" outcome="Passed" testListId="8c84fa94-04c1-424b-9868-57a2d4851a1d" relativeResultsDirectory="b8d728a0-7048-48e8-a3bf-4f050083976f" />
    <UnitTestResult executionId="8c1b06a4-07fd-448c-a0ee-e50502d8a2b3" testId="709a0334-64bd-a375-be16-77d7d881bd7c" testName="ExxerAI.Infrastructure.Tests.InMemoryAgentRepositoryTests+ValidationTests.Should_CheckNonExistence_When_AgentDoesNotExist" computerName="DESKTOP-FB2ES22" duration="00:00:00.3435179" startTime="2025-07-01T15:59:19.2405515-06:00" endTime="2025-07-01T15:59:19.6249089-06:00" testType="13cdc9d9-ddb5-4fa4-a97d-d965ccfc6d4b" outcome="Passed" testListId="8c84fa94-04c1-424b-9868-57a2d4851a1d" relativeResultsDirectory="8c1b06a4-07fd-448c-a0ee-e50502d8a2b3" />
    <UnitTestResult executionId="0b050caa-ebd6-4b03-af2b-6f11a1d1dfeb" testId="da9411ba-6c35-c1e3-e865-0e86cb04cfee" testName="ExxerAI.Infrastructure.Tests.InMemoryTaskRepositoryTests+PerformanceTests.Should_HandleComplexQueries_When_LargeDataSet" computerName="DESKTOP-FB2ES22" duration="00:00:00.0513811" startTime="2025-07-01T15:59:19.8484401-06:00" endTime="2025-07-01T15:59:19.8485551-06:00" testType="13cdc9d9-ddb5-4fa4-a97d-d965ccfc6d4b" outcome="Passed" testListId="8c84fa94-04c1-424b-9868-57a2d4851a1d" relativeResultsDirectory="0b050caa-ebd6-4b03-af2b-6f11a1d1dfeb" />
    <UnitTestResult executionId="e0b0724b-5679-4b65-b482-f38c50724efa" testId="0625a3ff-a022-4611-5511-ead3093e4c92" testName="ExxerAI.Infrastructure.Tests.InMemoryTaskRepositoryTests+QueryOperationsTests.Should_GetTasksByAgent_When_AgentIdMatches" computerName="DESKTOP-FB2ES22" duration="00:00:00.0020485" startTime="2025-07-01T15:59:19.8067571-06:00" endTime="2025-07-01T15:59:19.8071856-06:00" testType="13cdc9d9-ddb5-4fa4-a97d-d965ccfc6d4b" outcome="Passed" testListId="8c84fa94-04c1-424b-9868-57a2d4851a1d" relativeResultsDirectory="e0b0724b-5679-4b65-b482-f38c50724efa" />
    <UnitTestResult executionId="ce3e786d-ff48-4a23-b4c0-f262f6a17a51" testId="e214b3de-7089-5bb1-630a-c40120bfd203" testName="ExxerAI.Infrastructure.Tests.InMemoryTaskRepositoryTests+ExistenceTests.Should_ReturnTrue_When_TaskExists" computerName="DESKTOP-FB2ES22" duration="00:00:00.0010528" startTime="2025-07-01T15:59:19.6282971-06:00" endTime="2025-07-01T15:59:19.6784845-06:00" testType="13cdc9d9-ddb5-4fa4-a97d-d965ccfc6d4b" outcome="Passed" testListId="8c84fa94-04c1-424b-9868-57a2d4851a1d" relativeResultsDirectory="ce3e786d-ff48-4a23-b4c0-f262f6a17a51" />
    <UnitTestResult executionId="ff985bd5-3b78-41a2-9454-f59af828bff1" testId="76d9d449-b3eb-7b51-706b-941d4e3d80b6" testName="ExxerAI.Infrastructure.Tests.InMemoryTaskRepositoryTests+EdgeCaseTests.Should_HandleTasksWithSameTitle_When_AddingDuplicateTitles" computerName="DESKTOP-FB2ES22" duration="00:00:00.0017208" startTime="2025-07-01T15:59:19.8042155-06:00" endTime="2025-07-01T15:59:19.8045838-06:00" testType="13cdc9d9-ddb5-4fa4-a97d-d965ccfc6d4b" outcome="Passed" testListId="8c84fa94-04c1-424b-9868-57a2d4851a1d" relativeResultsDirectory="ff985bd5-3b78-41a2-9454-f59af828bff1" />
    <UnitTestResult executionId="127cf47c-aeb8-40c4-8dc9-4322179bb2be" testId="445d5b9f-20b0-2b8f-0af3-b0dda6af8cfd" testName="ExxerAI.Infrastructure.Tests.InMemoryTaskRepositoryTests+ValidationTests.Should_ReturnFailure_When_GetByAgentWithEmptyId" computerName="DESKTOP-FB2ES22" duration="00:00:00.0015436" startTime="2025-07-01T15:59:19.7740351-06:00" endTime="2025-07-01T15:59:19.7751254-06:00" testType="13cdc9d9-ddb5-4fa4-a97d-d965ccfc6d4b" outcome="Passed" testListId="8c84fa94-04c1-424b-9868-57a2d4851a1d" relativeResultsDirectory="127cf47c-aeb8-40c4-8dc9-4322179bb2be" />
    <UnitTestResult executionId="20de79ed-9e43-42a9-97e4-3185f9408e49" testId="0469b877-c454-9e7f-b34b-4957d9afa708" testName="ExxerAI.Infrastructure.Tests.InMemoryTaskRepositoryTests+CrudOperationsTests.Should_GetTaskById_When_TaskExists" computerName="DESKTOP-FB2ES22" duration="00:00:00.0011978" startTime="2025-07-01T15:59:19.8119247-06:00" endTime="2025-07-01T15:59:19.8448486-06:00" testType="13cdc9d9-ddb5-4fa4-a97d-d965ccfc6d4b" outcome="Passed" testListId="8c84fa94-04c1-424b-9868-57a2d4851a1d" relativeResultsDirectory="20de79ed-9e43-42a9-97e4-3185f9408e49" />
    <UnitTestResult executionId="4edf4eb0-adeb-4a4c-aed4-0088a4b9b617" testId="4616e142-10bb-ed02-1e8e-d39e6f5299ec" testName="ExxerAI.Infrastructure.Tests.InMemoryTaskRepositoryTests+ConcurrencyTests.Should_HandleConcurrentReads_When_MultipleThreadsReading" computerName="DESKTOP-FB2ES22" duration="00:00:00.0387649" startTime="2025-07-01T15:59:19.7661826-06:00" endTime="2025-07-01T15:59:19.7872807-06:00" testType="13cdc9d9-ddb5-4fa4-a97d-d965ccfc6d4b" outcome="Passed" testListId="8c84fa94-04c1-424b-9868-57a2d4851a1d" relativeResultsDirectory="4edf4eb0-adeb-4a4c-aed4-0088a4b9b617" />
    <UnitTestResult executionId="7c40720d-0822-4bbb-a785-18abd7b2ecba" testId="42ccc301-fc4c-84e3-4b93-b826ee5b94e9" testName="ExxerAI.Infrastructure.Tests.InMemoryTaskRepositoryTests+CrudOperationsTests.Should_PreserveId_When_TaskHasValidId" computerName="DESKTOP-FB2ES22" duration="00:00:00.0015749" startTime="2025-07-01T15:59:19.7929803-06:00" endTime="2025-07-01T15:59:19.8025850-06:00" testType="13cdc9d9-ddb5-4fa4-a97d-d965ccfc6d4b" outcome="Passed" testListId="8c84fa94-04c1-424b-9868-57a2d4851a1d" relativeResultsDirectory="7c40720d-0822-4bbb-a785-18abd7b2ecba" />
    <UnitTestResult executionId="9591cdf3-d349-4b34-8241-843b3aca00a2" testId="3fda317a-3fe0-bc82-736b-194d77998207" testName="ExxerAI.Infrastructure.Tests.InMemoryAgentRepositoryTests+ValidationTests.Should_ReturnFailure_When_AddingNullAgent" computerName="DESKTOP-FB2ES22" duration="00:00:00.0008558" startTime="2025-07-01T15:59:19.6815604-06:00" endTime="2025-07-01T15:59:19.6821683-06:00" testType="13cdc9d9-ddb5-4fa4-a97d-d965ccfc6d4b" outcome="Passed" testListId="8c84fa94-04c1-424b-9868-57a2d4851a1d" relativeResultsDirectory="9591cdf3-d349-4b34-8241-843b3aca00a2" />
    <UnitTestResult executionId="8245c8e3-ce01-4ad8-9185-bb8cd60c5d0d" testId="73266d59-53c2-0e14-1ace-40fde7eaaa43" testName="ExxerAI.Infrastructure.Tests.InMemoryTaskRepositoryTests+ValidationTests.Should_ReturnFailure_When_DeletingWithEmptyId" computerName="DESKTOP-FB2ES22" duration="00:00:00.0353711" startTime="2025-07-01T15:59:19.6845660-06:00" endTime="2025-07-01T15:59:19.7728576-06:00" testType="13cdc9d9-ddb5-4fa4-a97d-d965ccfc6d4b" outcome="Passed" testListId="8c84fa94-04c1-424b-9868-57a2d4851a1d" relativeResultsDirectory="8245c8e3-ce01-4ad8-9185-bb8cd60c5d0d" />
    <UnitTestResult executionId="0cc0f799-af8e-4d44-b199-c3779ea754f3" testId="3d21154c-8505-bea8-3a82-5fceae44f06b" testName="ExxerAI.Infrastructure.Tests.InMemoryAgentRepositoryTests+CrudOperationsTests.Should_DeleteAgent_When_AgentExists" computerName="DESKTOP-FB2ES22" duration="00:00:00.0016302" startTime="2025-07-01T15:59:19.8108633-06:00" endTime="2025-07-01T15:59:19.8442300-06:00" testType="13cdc9d9-ddb5-4fa4-a97d-d965ccfc6d4b" outcome="Passed" testListId="8c84fa94-04c1-424b-9868-57a2d4851a1d" relativeResultsDirectory="0cc0f799-af8e-4d44-b199-c3779ea754f3" />
    <UnitTestResult executionId="521c1853-c933-4974-9040-c7bf8fd9d070" testId="edbd1ccb-452a-a361-1a94-53e668adbdc4" testName="ExxerAI.Infrastructure.Tests.InMemoryAgentRepositoryTests+ValidationTests.Should_ReturnFailure_When_DeletingNonExistentAgent" computerName="DESKTOP-FB2ES22" duration="00:00:00.0359725" startTime="2025-07-01T15:59:19.6831670-06:00" endTime="2025-07-01T15:59:19.7727509-06:00" testType="13cdc9d9-ddb5-4fa4-a97d-d965ccfc6d4b" outcome="Passed" testListId="8c84fa94-04c1-424b-9868-57a2d4851a1d" relativeResultsDirectory="521c1853-c933-4974-9040-c7bf8fd9d070" />
    <UnitTestResult executionId="61e45018-c8f1-4433-a888-ef8d978ae94b" testId="1d992660-7050-1a6d-1f8a-f81256a119e2" testName="ExxerAI.Infrastructure.Tests.InMemoryTaskRepositoryTests+ValidationTests.Should_ReturnFailure_When_UpdatingTaskWithEmptyId" computerName="DESKTOP-FB2ES22" duration="00:00:00.0015015" startTime="2025-07-01T15:59:19.6278884-06:00" endTime="2025-07-01T15:59:19.6801643-06:00" testType="13cdc9d9-ddb5-4fa4-a97d-d965ccfc6d4b" outcome="Passed" testListId="8c84fa94-04c1-424b-9868-57a2d4851a1d" relativeResultsDirectory="61e45018-c8f1-4433-a888-ef8d978ae94b" />
    <UnitTestResult executionId="e79a4ceb-fa18-45ae-91c2-5baef3a47cd2" testId="d29bae8e-ccd2-1ca7-5406-3448543074ab" testName="ExxerAI.Infrastructure.Tests.InMemoryAgentRepositoryTests+QueryOperationsTests.Should_ReturnEmptyList_When_NoAgentsMatchTaskType" computerName="DESKTOP-FB2ES22" duration="00:00:00.0012512" startTime="2025-07-01T15:59:19.8078380-06:00" endTime="2025-07-01T15:59:19.8082831-06:00" testType="13cdc9d9-ddb5-4fa4-a97d-d965ccfc6d4b" outcome="Passed" testListId="8c84fa94-04c1-424b-9868-57a2d4851a1d" relativeResultsDirectory="e79a4ceb-fa18-45ae-91c2-5baef3a47cd2" />
    <UnitTestResult executionId="a421235e-01bf-4260-9bf2-f62d6dd8f986" testId="6681aa69-007a-2c47-bed0-a18b4f66f550" testName="ExxerAI.Infrastructure.Tests.InMemoryAgentRepositoryTests+QueryOperationsTests.Should_FindAgentsByTaskType_When_TaskTypeSupported" computerName="DESKTOP-FB2ES22" duration="00:00:00.0065705" startTime="2025-07-01T15:59:19.8039013-06:00" endTime="2025-07-01T15:59:19.8075540-06:00" testType="13cdc9d9-ddb5-4fa4-a97d-d965ccfc6d4b" outcome="Passed" testListId="8c84fa94-04c1-424b-9868-57a2d4851a1d" relativeResultsDirectory="a421235e-01bf-4260-9bf2-f62d6dd8f986" />
    <UnitTestResult executionId="f43da674-3285-4878-88b3-a1d9faa58819" testId="40c8d586-7f0d-ff3f-8d05-099e5958b668" testName="ExxerAI.Infrastructure.Tests.InMemoryTaskRepositoryTests+CrudOperationsTests.Should_GenerateId_When_TaskHasEmptyId" computerName="DESKTOP-FB2ES22" duration="00:00:00.0015328" startTime="2025-07-01T15:59:19.7924105-06:00" endTime="2025-07-01T15:59:19.7925561-06:00" testType="13cdc9d9-ddb5-4fa4-a97d-d965ccfc6d4b" outcome="Passed" testListId="8c84fa94-04c1-424b-9868-57a2d4851a1d" relativeResultsDirectory="f43da674-3285-4878-88b3-a1d9faa58819" />
    <UnitTestResult executionId="fd4c09e8-87f0-4891-9a7f-1470be7a183c" testId="f5c040f3-4c6d-304c-e939-7630e33e68af" testName="ExxerAI.Infrastructure.Tests.InMemoryTaskRepositoryTests+QueryOperationsTests.Should_GetTasksByAgentAndStatus_When_BothFiltersApplied" computerName="DESKTOP-FB2ES22" duration="00:00:00.0066869" startTime="2025-07-01T15:59:19.8074379-06:00" endTime="2025-07-01T15:59:19.8446592-06:00" testType="13cdc9d9-ddb5-4fa4-a97d-d965ccfc6d4b" outcome="Passed" testListId="8c84fa94-04c1-424b-9868-57a2d4851a1d" relativeResultsDirectory="fd4c09e8-87f0-4891-9a7f-1470be7a183c" />
    <UnitTestResult executionId="1574cfeb-3f4a-4177-9236-591aba02217d" testId="00ee9465-2c51-d6bf-1273-74cb7516b68f" testName="ExxerAI.Infrastructure.Tests.InMemoryTaskRepositoryTests+QueryOperationsTests.Should_GetTasksByType_When_TaskTypeMatches" computerName="DESKTOP-FB2ES22" duration="00:00:00.3968226" startTime="2025-07-01T15:59:19.2406906-06:00" endTime="2025-07-01T15:59:19.7977114-06:00" testType="13cdc9d9-ddb5-4fa4-a97d-d965ccfc6d4b" outcome="Passed" testListId="8c84fa94-04c1-424b-9868-57a2d4851a1d" relativeResultsDirectory="1574cfeb-3f4a-4177-9236-591aba02217d" />
    <UnitTestResult executionId="25cf14c0-aa81-48d3-92aa-1e2a4559905b" testId="651b072a-f0ea-a376-3983-95379a2928ca" testName="ExxerAI.Infrastructure.Tests.InMemoryAgentRepositoryTests+CrudOperationsTests.Should_AddAgent_When_ValidAgentProvided" computerName="DESKTOP-FB2ES22" duration="00:00:00.0577546" startTime="2025-07-01T15:59:19.6757604-06:00" endTime="2025-07-01T15:59:19.8079523-06:00" testType="13cdc9d9-ddb5-4fa4-a97d-d965ccfc6d4b" outcome="Passed" testListId="8c84fa94-04c1-424b-9868-57a2d4851a1d" relativeResultsDirectory="25cf14c0-aa81-48d3-92aa-1e2a4559905b" />
    <UnitTestResult executionId="6061dd99-b0ab-47fe-820a-03fe7aa73895" testId="3882f32f-7948-d678-3b06-e4320c3676e8" testName="ExxerAI.Infrastructure.Tests.InMemoryAgentRepositoryTests+QueryOperationsTests.Should_GetAgentsWithTaskCount_When_Called" computerName="DESKTOP-FB2ES22" duration="00:00:00.3964885" startTime="2025-07-01T15:59:19.2365669-06:00" endTime="2025-07-01T15:59:19.7929135-06:00" testType="13cdc9d9-ddb5-4fa4-a97d-d965ccfc6d4b" outcome="Passed" testListId="8c84fa94-04c1-424b-9868-57a2d4851a1d" relativeResultsDirectory="6061dd99-b0ab-47fe-820a-03fe7aa73895" />
    <UnitTestResult executionId="a3281caa-0d2a-43e0-bce3-18c6a1c36ebc" testId="cd351b1c-466b-f650-f2f9-a0c43edc7a51" testName="ExxerAI.Infrastructure.Tests.InMemoryTaskRepositoryTests+ValidationTests.Should_ReturnFailure_When_DeletingNonExistentTask" computerName="DESKTOP-FB2ES22" duration="00:00:00.0008583" startTime="2025-07-01T15:59:19.7901962-06:00" endTime="2025-07-01T15:59:19.7913753-06:00" testType="13cdc9d9-ddb5-4fa4-a97d-d965ccfc6d4b" outcome="Passed" testListId="8c84fa94-04c1-424b-9868-57a2d4851a1d" relativeResultsDirectory="a3281caa-0d2a-43e0-bce3-18c6a1c36ebc" />
    <UnitTestResult executionId="282f1ec5-4163-4e9b-86dd-57ef86303d72" testId="dcd320e0-2b70-aa96-4795-82900af314cf" testName="ExxerAI.Infrastructure.Tests.InMemoryTaskRepositoryTests+CrudOperationsTests.Should_AddTask_When_ValidTaskProvided" computerName="DESKTOP-FB2ES22" duration="00:00:00.0008943" startTime="2025-07-01T15:59:19.8450608-06:00" endTime="2025-07-01T15:59:19.8451417-06:00" testType="13cdc9d9-ddb5-4fa4-a97d-d965ccfc6d4b" outcome="Passed" testListId="8c84fa94-04c1-424b-9868-57a2d4851a1d" relativeResultsDirectory="282f1ec5-4163-4e9b-86dd-57ef86303d72" />
    <UnitTestResult executionId="27f6d618-eb1b-4853-8f83-4e401efe0c1e" testId="71024650-4a93-b97b-fe7c-0701a0ba3908" testName="ExxerAI.Infrastructure.Tests.InMemoryTaskRepositoryTests+CrudOperationsTests.Should_ReturnFailure_When_TaskNotFound" computerName="DESKTOP-FB2ES22" duration="00:00:00.0006628" startTime="2025-07-01T15:59:19.8113943-06:00" endTime="2025-07-01T15:59:19.8114871-06:00" testType="13cdc9d9-ddb5-4fa4-a97d-d965ccfc6d4b" outcome="Passed" testListId="8c84fa94-04c1-424b-9868-57a2d4851a1d" relativeResultsDirectory="27f6d618-eb1b-4853-8f83-4e401efe0c1e" />
  </Results>
  <TestDefinitions>
    <UnitTest name="ExxerAI.Infrastructure.Tests.InMemoryTaskRepositoryTests+CrudOperationsTests.Should_AddTask_When_ValidTaskProvided" storage="f:\dynamic\exxerai\exxerai\code\src\tests\exxerai.infrastructure.tests\bin\debug\net9.0\exxerai.infrastructure.tests.dll" id="dcd320e0-2b70-aa96-4795-82900af314cf">
      <Execution id="282f1ec5-4163-4e9b-86dd-57ef86303d72" />
      <TestMethod codeBase="F:\Dynamic\ExxerAi\ExxerAI\code\src\tests\ExxerAI.Infrastructure.Tests\bin\Debug\net9.0\ExxerAI.Infrastructure.Tests.dll" adapterTypeName="executor://xunit/VsTestRunner3/netcore/" className="ExxerAI.Infrastructure.Tests.InMemoryTaskRepositoryTests+CrudOperationsTests" name="Should_AddTask_When_ValidTaskProvided" />
    </UnitTest>
    <UnitTest name="ExxerAI.Infrastructure.Tests.InMemoryTaskRepositoryTests+ExistenceTests.Should_ReturnFalse_When_TaskDoesNotExist" storage="f:\dynamic\exxerai\exxerai\code\src\tests\exxerai.infrastructure.tests\bin\debug\net9.0\exxerai.infrastructure.tests.dll" id="b99b4a5f-ca2c-58ee-11e5-73447a08ac7b">
      <Execution id="71df3772-328b-49dc-b971-88093301d2ff" />
      <TestMethod codeBase="F:\Dynamic\ExxerAi\ExxerAI\code\src\tests\ExxerAI.Infrastructure.Tests\bin\Debug\net9.0\ExxerAI.Infrastructure.Tests.dll" adapterTypeName="executor://xunit/VsTestRunner3/netcore/" className="ExxerAI.Infrastructure.Tests.InMemoryTaskRepositoryTests+ExistenceTests" name="Should_ReturnFalse_When_TaskDoesNotExist" />
    </UnitTest>
    <UnitTest name="ExxerAI.Infrastructure.Tests.InMemoryTaskRepositoryTests+ExistenceTests.Should_ReturnTrue_When_TaskExists" storage="f:\dynamic\exxerai\exxerai\code\src\tests\exxerai.infrastructure.tests\bin\debug\net9.0\exxerai.infrastructure.tests.dll" id="e214b3de-7089-5bb1-630a-c40120bfd203">
      <Execution id="ce3e786d-ff48-4a23-b4c0-f262f6a17a51" />
      <TestMethod codeBase="F:\Dynamic\ExxerAi\ExxerAI\code\src\tests\ExxerAI.Infrastructure.Tests\bin\Debug\net9.0\ExxerAI.Infrastructure.Tests.dll" adapterTypeName="executor://xunit/VsTestRunner3/netcore/" className="ExxerAI.Infrastructure.Tests.InMemoryTaskRepositoryTests+ExistenceTests" name="Should_ReturnTrue_When_TaskExists" />
    </UnitTest>
    <UnitTest name="ExxerAI.Infrastructure.Tests.InMemoryTaskRepositoryTests+CrudOperationsTests.Should_GetTaskById_When_TaskExists" storage="f:\dynamic\exxerai\exxerai\code\src\tests\exxerai.infrastructure.tests\bin\debug\net9.0\exxerai.infrastructure.tests.dll" id="0469b877-c454-9e7f-b34b-4957d9afa708">
      <Execution id="20de79ed-9e43-42a9-97e4-3185f9408e49" />
      <TestMethod codeBase="F:\Dynamic\ExxerAi\ExxerAI\code\src\tests\ExxerAI.Infrastructure.Tests\bin\Debug\net9.0\ExxerAI.Infrastructure.Tests.dll" adapterTypeName="executor://xunit/VsTestRunner3/netcore/" className="ExxerAI.Infrastructure.Tests.InMemoryTaskRepositoryTests+CrudOperationsTests" name="Should_GetTaskById_When_TaskExists" />
    </UnitTest>
    <UnitTest name="ExxerAI.Infrastructure.Tests.InMemoryAgentRepositoryTests+ValidationTests.Should_ReturnFailure_When_AddingNullAgent" storage="f:\dynamic\exxerai\exxerai\code\src\tests\exxerai.infrastructure.tests\bin\debug\net9.0\exxerai.infrastructure.tests.dll" id="3fda317a-3fe0-bc82-736b-194d77998207">
      <Execution id="9591cdf3-d349-4b34-8241-843b3aca00a2" />
      <TestMethod codeBase="F:\Dynamic\ExxerAi\ExxerAI\code\src\tests\ExxerAI.Infrastructure.Tests\bin\Debug\net9.0\ExxerAI.Infrastructure.Tests.dll" adapterTypeName="executor://xunit/VsTestRunner3/netcore/" className="ExxerAI.Infrastructure.Tests.InMemoryAgentRepositoryTests+ValidationTests" name="Should_ReturnFailure_When_AddingNullAgent" />
    </UnitTest>
    <UnitTest name="ExxerAI.Infrastructure.Tests.InMemoryAgentRepositoryTests+CrudOperationsTests.Should_UpdateAgent_When_AgentExists" storage="f:\dynamic\exxerai\exxerai\code\src\tests\exxerai.infrastructure.tests\bin\debug\net9.0\exxerai.infrastructure.tests.dll" id="85f6af41-81cd-929f-7956-1cc5999bd4d7">
      <Execution id="0f399d4d-14b3-4926-841f-bd217795bb68" />
      <TestMethod codeBase="F:\Dynamic\ExxerAi\ExxerAI\code\src\tests\ExxerAI.Infrastructure.Tests\bin\Debug\net9.0\ExxerAI.Infrastructure.Tests.dll" adapterTypeName="executor://xunit/VsTestRunner3/netcore/" className="ExxerAI.Infrastructure.Tests.InMemoryAgentRepositoryTests+CrudOperationsTests" name="Should_UpdateAgent_When_AgentExists" />
    </UnitTest>
    <UnitTest name="ExxerAI.Infrastructure.Tests.InMemoryAgentRepositoryTests+CrudOperationsTests.Should_AddAgent_When_ValidAgentProvided" storage="f:\dynamic\exxerai\exxerai\code\src\tests\exxerai.infrastructure.tests\bin\debug\net9.0\exxerai.infrastructure.tests.dll" id="651b072a-f0ea-a376-3983-95379a2928ca">
      <Execution id="25cf14c0-aa81-48d3-92aa-1e2a4559905b" />
      <TestMethod codeBase="F:\Dynamic\ExxerAi\ExxerAI\code\src\tests\ExxerAI.Infrastructure.Tests\bin\Debug\net9.0\ExxerAI.Infrastructure.Tests.dll" adapterTypeName="executor://xunit/VsTestRunner3/netcore/" className="ExxerAI.Infrastructure.Tests.InMemoryAgentRepositoryTests+CrudOperationsTests" name="Should_AddAgent_When_ValidAgentProvided" />
    </UnitTest>
    <UnitTest name="ExxerAI.Infrastructure.Tests.InMemoryTaskRepositoryTests+ConcurrencyTests.Should_HandleConcurrentAdds_When_MultipleThreadsAddingTasks" storage="f:\dynamic\exxerai\exxerai\code\src\tests\exxerai.infrastructure.tests\bin\debug\net9.0\exxerai.infrastructure.tests.dll" id="2d3c03ef-6372-cc7f-6477-e1199f43b595">
      <Execution id="5567f5c5-303d-4c35-9d3c-6102ac515d5c" />
      <TestMethod codeBase="F:\Dynamic\ExxerAi\ExxerAI\code\src\tests\ExxerAI.Infrastructure.Tests\bin\Debug\net9.0\ExxerAI.Infrastructure.Tests.dll" adapterTypeName="executor://xunit/VsTestRunner3/netcore/" className="ExxerAI.Infrastructure.Tests.InMemoryTaskRepositoryTests+ConcurrencyTests" name="Should_HandleConcurrentAdds_When_MultipleThreadsAddingTasks" />
    </UnitTest>
    <UnitTest name="ExxerAI.Infrastructure.Tests.InMemoryTaskRepositoryTests+CrudOperationsTests.Should_UpdateTask_When_TaskExists" storage="f:\dynamic\exxerai\exxerai\code\src\tests\exxerai.infrastructure.tests\bin\debug\net9.0\exxerai.infrastructure.tests.dll" id="2a6151b7-6749-faf2-6ba0-1c0f4e094b16">
      <Execution id="45ee841a-5b12-4cd7-a0db-12a58182bd4a" />
      <TestMethod codeBase="F:\Dynamic\ExxerAi\ExxerAI\code\src\tests\ExxerAI.Infrastructure.Tests\bin\Debug\net9.0\ExxerAI.Infrastructure.Tests.dll" adapterTypeName="executor://xunit/VsTestRunner3/netcore/" className="ExxerAI.Infrastructure.Tests.InMemoryTaskRepositoryTests+CrudOperationsTests" name="Should_UpdateTask_When_TaskExists" />
    </UnitTest>
    <UnitTest name="ExxerAI.Infrastructure.Tests.InMemoryTaskRepositoryTests+QueryOperationsTests.Should_GetTasksByAgent_When_AgentIdMatches" storage="f:\dynamic\exxerai\exxerai\code\src\tests\exxerai.infrastructure.tests\bin\debug\net9.0\exxerai.infrastructure.tests.dll" id="0625a3ff-a022-4611-5511-ead3093e4c92">
      <Execution id="e0b0724b-5679-4b65-b482-f38c50724efa" />
      <TestMethod codeBase="F:\Dynamic\ExxerAi\ExxerAI\code\src\tests\ExxerAI.Infrastructure.Tests\bin\Debug\net9.0\ExxerAI.Infrastructure.Tests.dll" adapterTypeName="executor://xunit/VsTestRunner3/netcore/" className="ExxerAI.Infrastructure.Tests.InMemoryTaskRepositoryTests+QueryOperationsTests" name="Should_GetTasksByAgent_When_AgentIdMatches" />
    </UnitTest>
    <UnitTest name="ExxerAI.Infrastructure.Tests.InMemoryAgentRepositoryTests+ValidationTests.Should_ReturnFailure_When_UpdatingNonExistentAgent" storage="f:\dynamic\exxerai\exxerai\code\src\tests\exxerai.infrastructure.tests\bin\debug\net9.0\exxerai.infrastructure.tests.dll" id="6cecaa58-9efc-a119-70e2-280950af6ba2">
      <Execution id="53c546de-3d04-471a-86ca-4760baa3415a" />
      <TestMethod codeBase="F:\Dynamic\ExxerAi\ExxerAI\code\src\tests\ExxerAI.Infrastructure.Tests\bin\Debug\net9.0\ExxerAI.Infrastructure.Tests.dll" adapterTypeName="executor://xunit/VsTestRunner3/netcore/" className="ExxerAI.Infrastructure.Tests.InMemoryAgentRepositoryTests+ValidationTests" name="Should_ReturnFailure_When_UpdatingNonExistentAgent" />
    </UnitTest>
    <UnitTest name="ExxerAI.Infrastructure.Tests.InMemoryTaskRepositoryTests+PerformanceTests.Should_HandleLargeTaskCollections_When_ManyTasksAdded" storage="f:\dynamic\exxerai\exxerai\code\src\tests\exxerai.infrastructure.tests\bin\debug\net9.0\exxerai.infrastructure.tests.dll" id="1ce23298-4645-5f70-eb35-21bc78efb82e">
      <Execution id="f5d27cd4-0b28-4013-9628-5be9d6c5871c" />
      <TestMethod codeBase="F:\Dynamic\ExxerAi\ExxerAI\code\src\tests\ExxerAI.Infrastructure.Tests\bin\Debug\net9.0\ExxerAI.Infrastructure.Tests.dll" adapterTypeName="executor://xunit/VsTestRunner3/netcore/" className="ExxerAI.Infrastructure.Tests.InMemoryTaskRepositoryTests+PerformanceTests" name="Should_HandleLargeTaskCollections_When_ManyTasksAdded" />
    </UnitTest>
    <UnitTest name="ExxerAI.Infrastructure.Tests.InMemoryAgentRepositoryTests+CrudOperationsTests.Should_GetAllAgents_When_AgentsExist" storage="f:\dynamic\exxerai\exxerai\code\src\tests\exxerai.infrastructure.tests\bin\debug\net9.0\exxerai.infrastructure.tests.dll" id="0d786b7b-caa4-2567-a381-11b870483a10">
      <Execution id="5f6dbe57-3644-4214-8a46-d58059aa0784" />
      <TestMethod codeBase="F:\Dynamic\ExxerAi\ExxerAI\code\src\tests\ExxerAI.Infrastructure.Tests\bin\Debug\net9.0\ExxerAI.Infrastructure.Tests.dll" adapterTypeName="executor://xunit/VsTestRunner3/netcore/" className="ExxerAI.Infrastructure.Tests.InMemoryAgentRepositoryTests+CrudOperationsTests" name="Should_GetAllAgents_When_AgentsExist" />
    </UnitTest>
    <UnitTest name="ExxerAI.Infrastructure.Tests.InMemoryAgentRepositoryTests+ValidationTests.Should_CheckExistence_When_AgentExists" storage="f:\dynamic\exxerai\exxerai\code\src\tests\exxerai.infrastructure.tests\bin\debug\net9.0\exxerai.infrastructure.tests.dll" id="503f78d3-8b19-ec3b-ce53-f3acc189a129">
      <Execution id="bc1ab404-4887-4cf8-a8ce-d32a1f8ae6ab" />
      <TestMethod codeBase="F:\Dynamic\ExxerAi\ExxerAI\code\src\tests\ExxerAI.Infrastructure.Tests\bin\Debug\net9.0\ExxerAI.Infrastructure.Tests.dll" adapterTypeName="executor://xunit/VsTestRunner3/netcore/" className="ExxerAI.Infrastructure.Tests.InMemoryAgentRepositoryTests+ValidationTests" name="Should_CheckExistence_When_AgentExists" />
    </UnitTest>
    <UnitTest name="ExxerAI.Infrastructure.Tests.InMemoryTaskRepositoryTests+ValidationTests.Should_ReturnFailure_When_AddingNullTask" storage="f:\dynamic\exxerai\exxerai\code\src\tests\exxerai.infrastructure.tests\bin\debug\net9.0\exxerai.infrastructure.tests.dll" id="9ad09d4a-6082-7cd0-b8cb-d45de156d38a">
      <Execution id="9cde6cad-a81c-496d-83b9-7b3c6eb8d9d8" />
      <TestMethod codeBase="F:\Dynamic\ExxerAi\ExxerAI\code\src\tests\ExxerAI.Infrastructure.Tests\bin\Debug\net9.0\ExxerAI.Infrastructure.Tests.dll" adapterTypeName="executor://xunit/VsTestRunner3/netcore/" className="ExxerAI.Infrastructure.Tests.InMemoryTaskRepositoryTests+ValidationTests" name="Should_ReturnFailure_When_AddingNullTask" />
    </UnitTest>
    <UnitTest name="ExxerAI.Infrastructure.Tests.InMemoryTaskRepositoryTests+CrudOperationsTests.Should_GetAllTasks_When_TasksExist" storage="f:\dynamic\exxerai\exxerai\code\src\tests\exxerai.infrastructure.tests\bin\debug\net9.0\exxerai.infrastructure.tests.dll" id="864d4377-223d-f93a-2640-50dadacbbb26">
      <Execution id="e4986e60-7c23-4586-9510-4f2ba3e9658f" />
      <TestMethod codeBase="F:\Dynamic\ExxerAi\ExxerAI\code\src\tests\ExxerAI.Infrastructure.Tests\bin\Debug\net9.0\ExxerAI.Infrastructure.Tests.dll" adapterTypeName="executor://xunit/VsTestRunner3/netcore/" className="ExxerAI.Infrastructure.Tests.InMemoryTaskRepositoryTests+CrudOperationsTests" name="Should_GetAllTasks_When_TasksExist" />
    </UnitTest>
    <UnitTest name="ExxerAI.Infrastructure.Tests.InMemoryTaskRepositoryTests+ValidationTests.Should_ReturnFailure_When_ExistsWithEmptyId" storage="f:\dynamic\exxerai\exxerai\code\src\tests\exxerai.infrastructure.tests\bin\debug\net9.0\exxerai.infrastructure.tests.dll" id="b59c66e5-a40f-5a77-55b9-52c10b9a4c67">
      <Execution id="ee199e20-49b8-429a-80d0-cf30f708c2b3" />
      <TestMethod codeBase="F:\Dynamic\ExxerAi\ExxerAI\code\src\tests\ExxerAI.Infrastructure.Tests\bin\Debug\net9.0\ExxerAI.Infrastructure.Tests.dll" adapterTypeName="executor://xunit/VsTestRunner3/netcore/" className="ExxerAI.Infrastructure.Tests.InMemoryTaskRepositoryTests+ValidationTests" name="Should_ReturnFailure_When_ExistsWithEmptyId" />
    </UnitTest>
    <UnitTest name="ExxerAI.Infrastructure.Tests.InMemoryAgentRepositoryTests+CrudOperationsTests.Should_GetAgentById_When_AgentExists" storage="f:\dynamic\exxerai\exxerai\code\src\tests\exxerai.infrastructure.tests\bin\debug\net9.0\exxerai.infrastructure.tests.dll" id="8b635890-86b0-ce5d-2d9a-dab52d409277">
      <Execution id="b8d728a0-7048-48e8-a3bf-4f050083976f" />
      <TestMethod codeBase="F:\Dynamic\ExxerAi\ExxerAI\code\src\tests\ExxerAI.Infrastructure.Tests\bin\Debug\net9.0\ExxerAI.Infrastructure.Tests.dll" adapterTypeName="executor://xunit/VsTestRunner3/netcore/" className="ExxerAI.Infrastructure.Tests.InMemoryAgentRepositoryTests+CrudOperationsTests" name="Should_GetAgentById_When_AgentExists" />
    </UnitTest>
    <UnitTest name="ExxerAI.Infrastructure.Tests.InMemoryTaskRepositoryTests+EdgeCaseTests.Should_HandleTasksWithSameTitle_When_AddingDuplicateTitles" storage="f:\dynamic\exxerai\exxerai\code\src\tests\exxerai.infrastructure.tests\bin\debug\net9.0\exxerai.infrastructure.tests.dll" id="76d9d449-b3eb-7b51-706b-941d4e3d80b6">
      <Execution id="ff985bd5-3b78-41a2-9454-f59af828bff1" />
      <TestMethod codeBase="F:\Dynamic\ExxerAi\ExxerAI\code\src\tests\ExxerAI.Infrastructure.Tests\bin\Debug\net9.0\ExxerAI.Infrastructure.Tests.dll" adapterTypeName="executor://xunit/VsTestRunner3/netcore/" className="ExxerAI.Infrastructure.Tests.InMemoryTaskRepositoryTests+EdgeCaseTests" name="Should_HandleTasksWithSameTitle_When_AddingDuplicateTitles" />
    </UnitTest>
    <UnitTest name="ExxerAI.Infrastructure.Tests.InMemoryTaskRepositoryTests+EdgeCaseTests.Should_HandleEmptyRepository_When_NoTasksAdded" storage="f:\dynamic\exxerai\exxerai\code\src\tests\exxerai.infrastructure.tests\bin\debug\net9.0\exxerai.infrastructure.tests.dll" id="5f13569b-f776-395f-d51f-81b6db28d4c4">
      <Execution id="2a12d717-374b-423f-8783-15944fd379b9" />
      <TestMethod codeBase="F:\Dynamic\ExxerAi\ExxerAI\code\src\tests\ExxerAI.Infrastructure.Tests\bin\Debug\net9.0\ExxerAI.Infrastructure.Tests.dll" adapterTypeName="executor://xunit/VsTestRunner3/netcore/" className="ExxerAI.Infrastructure.Tests.InMemoryTaskRepositoryTests+EdgeCaseTests" name="Should_HandleEmptyRepository_When_NoTasksAdded" />
    </UnitTest>
    <UnitTest name="ExxerAI.Infrastructure.Tests.InMemoryTaskRepositoryTests+QueryOperationsTests.Should_GetOverdueTasks_When_TasksPastDeadline" storage="f:\dynamic\exxerai\exxerai\code\src\tests\exxerai.infrastructure.tests\bin\debug\net9.0\exxerai.infrastructure.tests.dll" id="972a990d-1652-cf03-6419-1eaa3608cbd4">
      <Execution id="386fc5b2-42f8-4b25-a431-9ad6655f1d33" />
      <TestMethod codeBase="F:\Dynamic\ExxerAi\ExxerAI\code\src\tests\ExxerAI.Infrastructure.Tests\bin\Debug\net9.0\ExxerAI.Infrastructure.Tests.dll" adapterTypeName="executor://xunit/VsTestRunner3/netcore/" className="ExxerAI.Infrastructure.Tests.InMemoryTaskRepositoryTests+QueryOperationsTests" name="Should_GetOverdueTasks_When_TasksPastDeadline" />
    </UnitTest>
    <UnitTest name="ExxerAI.Infrastructure.Tests.InMemoryTaskRepositoryTests+PerformanceTests.Should_HandleComplexQueries_When_LargeDataSet" storage="f:\dynamic\exxerai\exxerai\code\src\tests\exxerai.infrastructure.tests\bin\debug\net9.0\exxerai.infrastructure.tests.dll" id="da9411ba-6c35-c1e3-e865-0e86cb04cfee">
      <Execution id="0b050caa-ebd6-4b03-af2b-6f11a1d1dfeb" />
      <TestMethod codeBase="F:\Dynamic\ExxerAi\ExxerAI\code\src\tests\ExxerAI.Infrastructure.Tests\bin\Debug\net9.0\ExxerAI.Infrastructure.Tests.dll" adapterTypeName="executor://xunit/VsTestRunner3/netcore/" className="ExxerAI.Infrastructure.Tests.InMemoryTaskRepositoryTests+PerformanceTests" name="Should_HandleComplexQueries_When_LargeDataSet" />
    </UnitTest>
    <UnitTest name="ExxerAI.Infrastructure.Tests.InMemoryAgentRepositoryTests+QueryOperationsTests.Should_GetAgentsWithTaskCount_When_Called" storage="f:\dynamic\exxerai\exxerai\code\src\tests\exxerai.infrastructure.tests\bin\debug\net9.0\exxerai.infrastructure.tests.dll" id="3882f32f-7948-d678-3b06-e4320c3676e8">
      <Execution id="6061dd99-b0ab-47fe-820a-03fe7aa73895" />
      <TestMethod codeBase="F:\Dynamic\ExxerAi\ExxerAI\code\src\tests\ExxerAI.Infrastructure.Tests\bin\Debug\net9.0\ExxerAI.Infrastructure.Tests.dll" adapterTypeName="executor://xunit/VsTestRunner3/netcore/" className="ExxerAI.Infrastructure.Tests.InMemoryAgentRepositoryTests+QueryOperationsTests" name="Should_GetAgentsWithTaskCount_When_Called" />
    </UnitTest>
    <UnitTest name="ExxerAI.Infrastructure.Tests.UnitTest1.Test1" storage="f:\dynamic\exxerai\exxerai\code\src\tests\exxerai.infrastructure.tests\bin\debug\net9.0\exxerai.infrastructure.tests.dll" id="0304dbde-3be1-55b6-7c74-1904dfdafe3a">
      <Execution id="03d550c3-d2fc-4c89-bfe2-0cc316c1dee8" />
      <TestMethod codeBase="F:\Dynamic\ExxerAi\ExxerAI\code\src\tests\ExxerAI.Infrastructure.Tests\bin\Debug\net9.0\ExxerAI.Infrastructure.Tests.dll" adapterTypeName="executor://xunit/VsTestRunner3/netcore/" className="ExxerAI.Infrastructure.Tests.UnitTest1" name="Test1" />
    </UnitTest>
    <UnitTest name="ExxerAI.Infrastructure.Tests.InMemoryAgentRepositoryTests+ValidationTests.Should_ReturnFailure_When_DeletingNonExistentAgent" storage="f:\dynamic\exxerai\exxerai\code\src\tests\exxerai.infrastructure.tests\bin\debug\net9.0\exxerai.infrastructure.tests.dll" id="edbd1ccb-452a-a361-1a94-53e668adbdc4">
      <Execution id="521c1853-c933-4974-9040-c7bf8fd9d070" />
      <TestMethod codeBase="F:\Dynamic\ExxerAi\ExxerAI\code\src\tests\ExxerAI.Infrastructure.Tests\bin\Debug\net9.0\ExxerAI.Infrastructure.Tests.dll" adapterTypeName="executor://xunit/VsTestRunner3/netcore/" className="ExxerAI.Infrastructure.Tests.InMemoryAgentRepositoryTests+ValidationTests" name="Should_ReturnFailure_When_DeletingNonExistentAgent" />
    </UnitTest>
    <UnitTest name="ExxerAI.Infrastructure.Tests.InMemoryAgentRepositoryTests+CrudOperationsTests.Should_DeleteAgent_When_AgentExists" storage="f:\dynamic\exxerai\exxerai\code\src\tests\exxerai.infrastructure.tests\bin\debug\net9.0\exxerai.infrastructure.tests.dll" id="3d21154c-8505-bea8-3a82-5fceae44f06b">
      <Execution id="0cc0f799-af8e-4d44-b199-c3779ea754f3" />
      <TestMethod codeBase="F:\Dynamic\ExxerAi\ExxerAI\code\src\tests\ExxerAI.Infrastructure.Tests\bin\Debug\net9.0\ExxerAI.Infrastructure.Tests.dll" adapterTypeName="executor://xunit/VsTestRunner3/netcore/" className="ExxerAI.Infrastructure.Tests.InMemoryAgentRepositoryTests+CrudOperationsTests" name="Should_DeleteAgent_When_AgentExists" />
    </UnitTest>
    <UnitTest name="ExxerAI.Infrastructure.Tests.InMemoryTaskRepositoryTests+ValidationTests.Should_ReturnFailure_When_UpdatingNullTask" storage="f:\dynamic\exxerai\exxerai\code\src\tests\exxerai.infrastructure.tests\bin\debug\net9.0\exxerai.infrastructure.tests.dll" id="4f51aaaf-5aaf-c97d-6823-51f38a0c7b25">
      <Execution id="35473183-bf32-419e-a212-00d17d962342" />
      <TestMethod codeBase="F:\Dynamic\ExxerAi\ExxerAI\code\src\tests\ExxerAI.Infrastructure.Tests\bin\Debug\net9.0\ExxerAI.Infrastructure.Tests.dll" adapterTypeName="executor://xunit/VsTestRunner3/netcore/" className="ExxerAI.Infrastructure.Tests.InMemoryTaskRepositoryTests+ValidationTests" name="Should_ReturnFailure_When_UpdatingNullTask" />
    </UnitTest>
    <UnitTest name="ExxerAI.Infrastructure.Tests.InMemoryTaskRepositoryTests+ConcurrencyTests.Should_HandleConcurrentUpdates_When_MultipleThreadsUpdating" storage="f:\dynamic\exxerai\exxerai\code\src\tests\exxerai.infrastructure.tests\bin\debug\net9.0\exxerai.infrastructure.tests.dll" id="bebff52e-a2cf-dbab-4ce8-1e61a5870694">
      <Execution id="79795302-08d9-440a-acfa-dcb2e5f99a39" />
      <TestMethod codeBase="F:\Dynamic\ExxerAi\ExxerAI\code\src\tests\ExxerAI.Infrastructure.Tests\bin\Debug\net9.0\ExxerAI.Infrastructure.Tests.dll" adapterTypeName="executor://xunit/VsTestRunner3/netcore/" className="ExxerAI.Infrastructure.Tests.InMemoryTaskRepositoryTests+ConcurrencyTests" name="Should_HandleConcurrentUpdates_When_MultipleThreadsUpdating" />
    </UnitTest>
    <UnitTest name="ExxerAI.Infrastructure.Tests.InMemoryTaskRepositoryTests+ValidationTests.Should_ReturnFailure_When_DeletingNonExistentTask" storage="f:\dynamic\exxerai\exxerai\code\src\tests\exxerai.infrastructure.tests\bin\debug\net9.0\exxerai.infrastructure.tests.dll" id="cd351b1c-466b-f650-f2f9-a0c43edc7a51">
      <Execution id="a3281caa-0d2a-43e0-bce3-18c6a1c36ebc" />
      <TestMethod codeBase="F:\Dynamic\ExxerAi\ExxerAI\code\src\tests\ExxerAI.Infrastructure.Tests\bin\Debug\net9.0\ExxerAI.Infrastructure.Tests.dll" adapterTypeName="executor://xunit/VsTestRunner3/netcore/" className="ExxerAI.Infrastructure.Tests.InMemoryTaskRepositoryTests+ValidationTests" name="Should_ReturnFailure_When_DeletingNonExistentTask" />
    </UnitTest>
    <UnitTest name="ExxerAI.Infrastructure.Tests.InMemoryTaskRepositoryTests+CrudOperationsTests.Should_GenerateId_When_TaskHasEmptyId" storage="f:\dynamic\exxerai\exxerai\code\src\tests\exxerai.infrastructure.tests\bin\debug\net9.0\exxerai.infrastructure.tests.dll" id="40c8d586-7f0d-ff3f-8d05-099e5958b668">
      <Execution id="f43da674-3285-4878-88b3-a1d9faa58819" />
      <TestMethod codeBase="F:\Dynamic\ExxerAi\ExxerAI\code\src\tests\ExxerAI.Infrastructure.Tests\bin\Debug\net9.0\ExxerAI.Infrastructure.Tests.dll" adapterTypeName="executor://xunit/VsTestRunner3/netcore/" className="ExxerAI.Infrastructure.Tests.InMemoryTaskRepositoryTests+CrudOperationsTests" name="Should_GenerateId_When_TaskHasEmptyId" />
    </UnitTest>
    <UnitTest name="ExxerAI.Infrastructure.Tests.InMemoryAgentRepositoryTests+QueryOperationsTests.Should_FindAgentsByTaskType_When_TaskTypeSupported" storage="f:\dynamic\exxerai\exxerai\code\src\tests\exxerai.infrastructure.tests\bin\debug\net9.0\exxerai.infrastructure.tests.dll" id="6681aa69-007a-2c47-bed0-a18b4f66f550">
      <Execution id="a421235e-01bf-4260-9bf2-f62d6dd8f986" />
      <TestMethod codeBase="F:\Dynamic\ExxerAi\ExxerAI\code\src\tests\ExxerAI.Infrastructure.Tests\bin\Debug\net9.0\ExxerAI.Infrastructure.Tests.dll" adapterTypeName="executor://xunit/VsTestRunner3/netcore/" className="ExxerAI.Infrastructure.Tests.InMemoryAgentRepositoryTests+QueryOperationsTests" name="Should_FindAgentsByTaskType_When_TaskTypeSupported" />
    </UnitTest>
    <UnitTest name="ExxerAI.Infrastructure.Tests.InMemoryAgentRepositoryTests+QueryOperationsTests.Should_ReturnEmptyList_When_NoAgentsMatchTaskType" storage="f:\dynamic\exxerai\exxerai\code\src\tests\exxerai.infrastructure.tests\bin\debug\net9.0\exxerai.infrastructure.tests.dll" id="d29bae8e-ccd2-1ca7-5406-3448543074ab">
      <Execution id="e79a4ceb-fa18-45ae-91c2-5baef3a47cd2" />
      <TestMethod codeBase="F:\Dynamic\ExxerAi\ExxerAI\code\src\tests\ExxerAI.Infrastructure.Tests\bin\Debug\net9.0\ExxerAI.Infrastructure.Tests.dll" adapterTypeName="executor://xunit/VsTestRunner3/netcore/" className="ExxerAI.Infrastructure.Tests.InMemoryAgentRepositoryTests+QueryOperationsTests" name="Should_ReturnEmptyList_When_NoAgentsMatchTaskType" />
    </UnitTest>
    <UnitTest name="ExxerAI.Infrastructure.Tests.InMemoryAgentRepositoryTests+QueryOperationsTests.Should_GetAgentsByStatus_When_StatusMatches" storage="f:\dynamic\exxerai\exxerai\code\src\tests\exxerai.infrastructure.tests\bin\debug\net9.0\exxerai.infrastructure.tests.dll" id="4a645ccc-dee3-9b88-edae-91990ad4cf28">
      <Execution id="df54fcf6-93cc-4c95-9080-b9fe8b6fbaa9" />
      <TestMethod codeBase="F:\Dynamic\ExxerAi\ExxerAI\code\src\tests\ExxerAI.Infrastructure.Tests\bin\Debug\net9.0\ExxerAI.Infrastructure.Tests.dll" adapterTypeName="executor://xunit/VsTestRunner3/netcore/" className="ExxerAI.Infrastructure.Tests.InMemoryAgentRepositoryTests+QueryOperationsTests" name="Should_GetAgentsByStatus_When_StatusMatches" />
    </UnitTest>
    <UnitTest name="ExxerAI.Infrastructure.Tests.InMemoryAgentRepositoryTests+ValidationTests.Should_ReturnFailure_When_UpdatingNullAgent" storage="f:\dynamic\exxerai\exxerai\code\src\tests\exxerai.infrastructure.tests\bin\debug\net9.0\exxerai.infrastructure.tests.dll" id="2d761aa2-2364-d551-aba9-6963a8c8d85a">
      <Execution id="947f10de-dfbc-42a9-a8c9-6cba6053d04d" />
      <TestMethod codeBase="F:\Dynamic\ExxerAi\ExxerAI\code\src\tests\ExxerAI.Infrastructure.Tests\bin\Debug\net9.0\ExxerAI.Infrastructure.Tests.dll" adapterTypeName="executor://xunit/VsTestRunner3/netcore/" className="ExxerAI.Infrastructure.Tests.InMemoryAgentRepositoryTests+ValidationTests" name="Should_ReturnFailure_When_UpdatingNullAgent" />
    </UnitTest>
    <UnitTest name="ExxerAI.Infrastructure.Tests.InMemoryTaskRepositoryTests+CrudOperationsTests.Should_ReturnFailure_When_TaskNotFound" storage="f:\dynamic\exxerai\exxerai\code\src\tests\exxerai.infrastructure.tests\bin\debug\net9.0\exxerai.infrastructure.tests.dll" id="71024650-4a93-b97b-fe7c-0701a0ba3908">
      <Execution id="27f6d618-eb1b-4853-8f83-4e401efe0c1e" />
      <TestMethod codeBase="F:\Dynamic\ExxerAi\ExxerAI\code\src\tests\ExxerAI.Infrastructure.Tests\bin\Debug\net9.0\ExxerAI.Infrastructure.Tests.dll" adapterTypeName="executor://xunit/VsTestRunner3/netcore/" className="ExxerAI.Infrastructure.Tests.InMemoryTaskRepositoryTests+CrudOperationsTests" name="Should_ReturnFailure_When_TaskNotFound" />
    </UnitTest>
    <UnitTest name="ExxerAI.Infrastructure.Tests.InMemoryTaskRepositoryTests+QueryOperationsTests.Should_GetTasksByStatus_When_StatusMatches" storage="f:\dynamic\exxerai\exxerai\code\src\tests\exxerai.infrastructure.tests\bin\debug\net9.0\exxerai.infrastructure.tests.dll" id="0b4ffc8f-adf2-3e42-e63e-241660ac25aa">
      <Execution id="05864775-6707-43e1-8a17-1af7c212d822" />
      <TestMethod codeBase="F:\Dynamic\ExxerAi\ExxerAI\code\src\tests\ExxerAI.Infrastructure.Tests\bin\Debug\net9.0\ExxerAI.Infrastructure.Tests.dll" adapterTypeName="executor://xunit/VsTestRunner3/netcore/" className="ExxerAI.Infrastructure.Tests.InMemoryTaskRepositoryTests+QueryOperationsTests" name="Should_GetTasksByStatus_When_StatusMatches" />
    </UnitTest>
    <UnitTest name="ExxerAI.Infrastructure.Tests.InMemoryTaskRepositoryTests+ValidationTests.Should_ReturnFailure_When_UpdatingNonExistentTask" storage="f:\dynamic\exxerai\exxerai\code\src\tests\exxerai.infrastructure.tests\bin\debug\net9.0\exxerai.infrastructure.tests.dll" id="16267140-22fe-7541-085d-0b7f6b30f826">
      <Execution id="453a7147-fa9a-4d73-9305-e203d10cbaaf" />
      <TestMethod codeBase="F:\Dynamic\ExxerAi\ExxerAI\code\src\tests\ExxerAI.Infrastructure.Tests\bin\Debug\net9.0\ExxerAI.Infrastructure.Tests.dll" adapterTypeName="executor://xunit/VsTestRunner3/netcore/" className="ExxerAI.Infrastructure.Tests.InMemoryTaskRepositoryTests+ValidationTests" name="Should_ReturnFailure_When_UpdatingNonExistentTask" />
    </UnitTest>
    <UnitTest name="ExxerAI.Infrastructure.Tests.InMemoryTaskRepositoryTests+ValidationTests.Should_ReturnFailure_When_UpdatingTaskWithEmptyId" storage="f:\dynamic\exxerai\exxerai\code\src\tests\exxerai.infrastructure.tests\bin\debug\net9.0\exxerai.infrastructure.tests.dll" id="1d992660-7050-1a6d-1f8a-f81256a119e2">
      <Execution id="61e45018-c8f1-4433-a888-ef8d978ae94b" />
      <TestMethod codeBase="F:\Dynamic\ExxerAi\ExxerAI\code\src\tests\ExxerAI.Infrastructure.Tests\bin\Debug\net9.0\ExxerAI.Infrastructure.Tests.dll" adapterTypeName="executor://xunit/VsTestRunner3/netcore/" className="ExxerAI.Infrastructure.Tests.InMemoryTaskRepositoryTests+ValidationTests" name="Should_ReturnFailure_When_UpdatingTaskWithEmptyId" />
    </UnitTest>
    <UnitTest name="ExxerAI.Infrastructure.Tests.InMemoryTaskRepositoryTests+ConcurrencyTests.Should_HandleConcurrentReads_When_MultipleThreadsReading" storage="f:\dynamic\exxerai\exxerai\code\src\tests\exxerai.infrastructure.tests\bin\debug\net9.0\exxerai.infrastructure.tests.dll" id="4616e142-10bb-ed02-1e8e-d39e6f5299ec">
      <Execution id="4edf4eb0-adeb-4a4c-aed4-0088a4b9b617" />
      <TestMethod codeBase="F:\Dynamic\ExxerAi\ExxerAI\code\src\tests\ExxerAI.Infrastructure.Tests\bin\Debug\net9.0\ExxerAI.Infrastructure.Tests.dll" adapterTypeName="executor://xunit/VsTestRunner3/netcore/" className="ExxerAI.Infrastructure.Tests.InMemoryTaskRepositoryTests+ConcurrencyTests" name="Should_HandleConcurrentReads_When_MultipleThreadsReading" />
    </UnitTest>
    <UnitTest name="ExxerAI.Infrastructure.Tests.InMemoryAgentRepositoryTests+CrudOperationsTests.Should_ReturnFailure_When_AgentNotFound" storage="f:\dynamic\exxerai\exxerai\code\src\tests\exxerai.infrastructure.tests\bin\debug\net9.0\exxerai.infrastructure.tests.dll" id="0fc58baa-a1eb-d394-50d8-1abab884124b">
      <Execution id="b3b1fadd-7cdb-49af-814d-a5232f71a246" />
      <TestMethod codeBase="F:\Dynamic\ExxerAi\ExxerAI\code\src\tests\ExxerAI.Infrastructure.Tests\bin\Debug\net9.0\ExxerAI.Infrastructure.Tests.dll" adapterTypeName="executor://xunit/VsTestRunner3/netcore/" className="ExxerAI.Infrastructure.Tests.InMemoryAgentRepositoryTests+CrudOperationsTests" name="Should_ReturnFailure_When_AgentNotFound" />
    </UnitTest>
    <UnitTest name="ExxerAI.Infrastructure.Tests.InMemoryTaskRepositoryTests+QueryOperationsTests.Should_GetTasksByAgentAndStatus_When_BothFiltersApplied" storage="f:\dynamic\exxerai\exxerai\code\src\tests\exxerai.infrastructure.tests\bin\debug\net9.0\exxerai.infrastructure.tests.dll" id="f5c040f3-4c6d-304c-e939-7630e33e68af">
      <Execution id="fd4c09e8-87f0-4891-9a7f-1470be7a183c" />
      <TestMethod codeBase="F:\Dynamic\ExxerAi\ExxerAI\code\src\tests\ExxerAI.Infrastructure.Tests\bin\Debug\net9.0\ExxerAI.Infrastructure.Tests.dll" adapterTypeName="executor://xunit/VsTestRunner3/netcore/" className="ExxerAI.Infrastructure.Tests.InMemoryTaskRepositoryTests+QueryOperationsTests" name="Should_GetTasksByAgentAndStatus_When_BothFiltersApplied" />
    </UnitTest>
    <UnitTest name="ExxerAI.Infrastructure.Tests.InMemoryTaskRepositoryTests+ValidationTests.Should_ReturnFailure_When_GetByTypeWithEmptyType" storage="f:\dynamic\exxerai\exxerai\code\src\tests\exxerai.infrastructure.tests\bin\debug\net9.0\exxerai.infrastructure.tests.dll" id="e5c6802b-dd05-abf2-22d5-490064e567b4">
      <Execution id="f96e5d93-392f-4e94-9c8b-5f5ccd0b03c0" />
      <TestMethod codeBase="F:\Dynamic\ExxerAi\ExxerAI\code\src\tests\ExxerAI.Infrastructure.Tests\bin\Debug\net9.0\ExxerAI.Infrastructure.Tests.dll" adapterTypeName="executor://xunit/VsTestRunner3/netcore/" className="ExxerAI.Infrastructure.Tests.InMemoryTaskRepositoryTests+ValidationTests" name="Should_ReturnFailure_When_GetByTypeWithEmptyType" />
    </UnitTest>
    <UnitTest name="ExxerAI.Infrastructure.Tests.InMemoryAgentRepositoryTests+ValidationTests.Should_CheckNonExistence_When_AgentDoesNotExist" storage="f:\dynamic\exxerai\exxerai\code\src\tests\exxerai.infrastructure.tests\bin\debug\net9.0\exxerai.infrastructure.tests.dll" id="709a0334-64bd-a375-be16-77d7d881bd7c">
      <Execution id="8c1b06a4-07fd-448c-a0ee-e50502d8a2b3" />
      <TestMethod codeBase="F:\Dynamic\ExxerAi\ExxerAI\code\src\tests\ExxerAI.Infrastructure.Tests\bin\Debug\net9.0\ExxerAI.Infrastructure.Tests.dll" adapterTypeName="executor://xunit/VsTestRunner3/netcore/" className="ExxerAI.Infrastructure.Tests.InMemoryAgentRepositoryTests+ValidationTests" name="Should_CheckNonExistence_When_AgentDoesNotExist" />
    </UnitTest>
    <UnitTest name="ExxerAI.Infrastructure.Tests.InMemoryTaskRepositoryTests+EdgeCaseTests.Should_HandleTasksWithNoDeadline_When_CheckingOverdue" storage="f:\dynamic\exxerai\exxerai\code\src\tests\exxerai.infrastructure.tests\bin\debug\net9.0\exxerai.infrastructure.tests.dll" id="aec1f437-64e3-4344-3f27-d7ab921d9cab">
      <Execution id="443c8b59-c1b3-4c5d-83db-851861aa5084" />
      <TestMethod codeBase="F:\Dynamic\ExxerAi\ExxerAI\code\src\tests\ExxerAI.Infrastructure.Tests\bin\Debug\net9.0\ExxerAI.Infrastructure.Tests.dll" adapterTypeName="executor://xunit/VsTestRunner3/netcore/" className="ExxerAI.Infrastructure.Tests.InMemoryTaskRepositoryTests+EdgeCaseTests" name="Should_HandleTasksWithNoDeadline_When_CheckingOverdue" />
    </UnitTest>
    <UnitTest name="ExxerAI.Infrastructure.Tests.InMemoryTaskRepositoryTests+CrudOperationsTests.Should_DeleteTask_When_TaskExists" storage="f:\dynamic\exxerai\exxerai\code\src\tests\exxerai.infrastructure.tests\bin\debug\net9.0\exxerai.infrastructure.tests.dll" id="aa91a762-9486-8962-d362-af6a78b34ae0">
      <Execution id="0c7257d2-dea7-4943-8886-6cbec9430359" />
      <TestMethod codeBase="F:\Dynamic\ExxerAi\ExxerAI\code\src\tests\ExxerAI.Infrastructure.Tests\bin\Debug\net9.0\ExxerAI.Infrastructure.Tests.dll" adapterTypeName="executor://xunit/VsTestRunner3/netcore/" className="ExxerAI.Infrastructure.Tests.InMemoryTaskRepositoryTests+CrudOperationsTests" name="Should_DeleteTask_When_TaskExists" />
    </UnitTest>
    <UnitTest name="ExxerAI.Infrastructure.Tests.InMemoryTaskRepositoryTests+ValidationTests.Should_ReturnFailure_When_GetByAgentWithEmptyId" storage="f:\dynamic\exxerai\exxerai\code\src\tests\exxerai.infrastructure.tests\bin\debug\net9.0\exxerai.infrastructure.tests.dll" id="445d5b9f-20b0-2b8f-0af3-b0dda6af8cfd">
      <Execution id="127cf47c-aeb8-40c4-8dc9-4322179bb2be" />
      <TestMethod codeBase="F:\Dynamic\ExxerAi\ExxerAI\code\src\tests\ExxerAI.Infrastructure.Tests\bin\Debug\net9.0\ExxerAI.Infrastructure.Tests.dll" adapterTypeName="executor://xunit/VsTestRunner3/netcore/" className="ExxerAI.Infrastructure.Tests.InMemoryTaskRepositoryTests+ValidationTests" name="Should_ReturnFailure_When_GetByAgentWithEmptyId" />
    </UnitTest>
    <UnitTest name="ExxerAI.Infrastructure.Tests.InMemoryTaskRepositoryTests+QueryOperationsTests.Should_GetTasksByType_When_TaskTypeMatches" storage="f:\dynamic\exxerai\exxerai\code\src\tests\exxerai.infrastructure.tests\bin\debug\net9.0\exxerai.infrastructure.tests.dll" id="00ee9465-2c51-d6bf-1273-74cb7516b68f">
      <Execution id="1574cfeb-3f4a-4177-9236-591aba02217d" />
      <TestMethod codeBase="F:\Dynamic\ExxerAi\ExxerAI\code\src\tests\ExxerAI.Infrastructure.Tests\bin\Debug\net9.0\ExxerAI.Infrastructure.Tests.dll" adapterTypeName="executor://xunit/VsTestRunner3/netcore/" className="ExxerAI.Infrastructure.Tests.InMemoryTaskRepositoryTests+QueryOperationsTests" name="Should_GetTasksByType_When_TaskTypeMatches" />
    </UnitTest>
    <UnitTest name="ExxerAI.Infrastructure.Tests.InMemoryTaskRepositoryTests+CrudOperationsTests.Should_ReturnFailure_When_TaskIdAlreadyExists" storage="f:\dynamic\exxerai\exxerai\code\src\tests\exxerai.infrastructure.tests\bin\debug\net9.0\exxerai.infrastructure.tests.dll" id="5c9310af-fb77-d6b0-4bc8-79a980735c0a">
      <Execution id="fe8d2a66-7361-4005-a518-6f790b79e43b" />
      <TestMethod codeBase="F:\Dynamic\ExxerAi\ExxerAI\code\src\tests\ExxerAI.Infrastructure.Tests\bin\Debug\net9.0\ExxerAI.Infrastructure.Tests.dll" adapterTypeName="executor://xunit/VsTestRunner3/netcore/" className="ExxerAI.Infrastructure.Tests.InMemoryTaskRepositoryTests+CrudOperationsTests" name="Should_ReturnFailure_When_TaskIdAlreadyExists" />
    </UnitTest>
    <UnitTest name="ExxerAI.Infrastructure.Tests.InMemoryTaskRepositoryTests+CrudOperationsTests.Should_PreserveId_When_TaskHasValidId" storage="f:\dynamic\exxerai\exxerai\code\src\tests\exxerai.infrastructure.tests\bin\debug\net9.0\exxerai.infrastructure.tests.dll" id="42ccc301-fc4c-84e3-4b93-b826ee5b94e9">
      <Execution id="7c40720d-0822-4bbb-a785-18abd7b2ecba" />
      <TestMethod codeBase="F:\Dynamic\ExxerAi\ExxerAI\code\src\tests\ExxerAI.Infrastructure.Tests\bin\Debug\net9.0\ExxerAI.Infrastructure.Tests.dll" adapterTypeName="executor://xunit/VsTestRunner3/netcore/" className="ExxerAI.Infrastructure.Tests.InMemoryTaskRepositoryTests+CrudOperationsTests" name="Should_PreserveId_When_TaskHasValidId" />
    </UnitTest>
    <UnitTest name="ExxerAI.Infrastructure.Tests.InMemoryTaskRepositoryTests+ValidationTests.Should_ReturnFailure_When_DeletingWithEmptyId" storage="f:\dynamic\exxerai\exxerai\code\src\tests\exxerai.infrastructure.tests\bin\debug\net9.0\exxerai.infrastructure.tests.dll" id="73266d59-53c2-0e14-1ace-40fde7eaaa43">
      <Execution id="8245c8e3-ce01-4ad8-9185-bb8cd60c5d0d" />
      <TestMethod codeBase="F:\Dynamic\ExxerAi\ExxerAI\code\src\tests\ExxerAI.Infrastructure.Tests\bin\Debug\net9.0\ExxerAI.Infrastructure.Tests.dll" adapterTypeName="executor://xunit/VsTestRunner3/netcore/" className="ExxerAI.Infrastructure.Tests.InMemoryTaskRepositoryTests+ValidationTests" name="Should_ReturnFailure_When_DeletingWithEmptyId" />
    </UnitTest>
  </TestDefinitions>
  <TestEntries>
    <TestEntry testId="b59c66e5-a40f-5a77-55b9-52c10b9a4c67" executionId="ee199e20-49b8-429a-80d0-cf30f708c2b3" testListId="8c84fa94-04c1-424b-9868-57a2d4851a1d" />
    <TestEntry testId="9ad09d4a-6082-7cd0-b8cb-d45de156d38a" executionId="9cde6cad-a81c-496d-83b9-7b3c6eb8d9d8" testListId="8c84fa94-04c1-424b-9868-57a2d4851a1d" />
    <TestEntry testId="bebff52e-a2cf-dbab-4ce8-1e61a5870694" executionId="79795302-08d9-440a-acfa-dcb2e5f99a39" testListId="8c84fa94-04c1-424b-9868-57a2d4851a1d" />
    <TestEntry testId="2d761aa2-2364-d551-aba9-6963a8c8d85a" executionId="947f10de-dfbc-42a9-a8c9-6cba6053d04d" testListId="8c84fa94-04c1-424b-9868-57a2d4851a1d" />
    <TestEntry testId="0b4ffc8f-adf2-3e42-e63e-241660ac25aa" executionId="05864775-6707-43e1-8a17-1af7c212d822" testListId="8c84fa94-04c1-424b-9868-57a2d4851a1d" />
    <TestEntry testId="0fc58baa-a1eb-d394-50d8-1abab884124b" executionId="b3b1fadd-7cdb-49af-814d-a5232f71a246" testListId="8c84fa94-04c1-424b-9868-57a2d4851a1d" />
    <TestEntry testId="b99b4a5f-ca2c-58ee-11e5-73447a08ac7b" executionId="71df3772-328b-49dc-b971-88093301d2ff" testListId="8c84fa94-04c1-424b-9868-57a2d4851a1d" />
    <TestEntry testId="e5c6802b-dd05-abf2-22d5-490064e567b4" executionId="f96e5d93-392f-4e94-9c8b-5f5ccd0b03c0" testListId="8c84fa94-04c1-424b-9868-57a2d4851a1d" />
    <TestEntry testId="4a645ccc-dee3-9b88-edae-91990ad4cf28" executionId="df54fcf6-93cc-4c95-9080-b9fe8b6fbaa9" testListId="8c84fa94-04c1-424b-9868-57a2d4851a1d" />
    <TestEntry testId="2a6151b7-6749-faf2-6ba0-1c0f4e094b16" executionId="45ee841a-5b12-4cd7-a0db-12a58182bd4a" testListId="8c84fa94-04c1-424b-9868-57a2d4851a1d" />
    <TestEntry testId="aec1f437-64e3-4344-3f27-d7ab921d9cab" executionId="443c8b59-c1b3-4c5d-83db-851861aa5084" testListId="8c84fa94-04c1-424b-9868-57a2d4851a1d" />
    <TestEntry testId="864d4377-223d-f93a-2640-50dadacbbb26" executionId="e4986e60-7c23-4586-9510-4f2ba3e9658f" testListId="8c84fa94-04c1-424b-9868-57a2d4851a1d" />
    <TestEntry testId="16267140-22fe-7541-085d-0b7f6b30f826" executionId="453a7147-fa9a-4d73-9305-e203d10cbaaf" testListId="8c84fa94-04c1-424b-9868-57a2d4851a1d" />
    <TestEntry testId="972a990d-1652-cf03-6419-1eaa3608cbd4" executionId="386fc5b2-42f8-4b25-a431-9ad6655f1d33" testListId="8c84fa94-04c1-424b-9868-57a2d4851a1d" />
    <TestEntry testId="503f78d3-8b19-ec3b-ce53-f3acc189a129" executionId="bc1ab404-4887-4cf8-a8ce-d32a1f8ae6ab" testListId="8c84fa94-04c1-424b-9868-57a2d4851a1d" />
    <TestEntry testId="2d3c03ef-6372-cc7f-6477-e1199f43b595" executionId="5567f5c5-303d-4c35-9d3c-6102ac515d5c" testListId="8c84fa94-04c1-424b-9868-57a2d4851a1d" />
    <TestEntry testId="aa91a762-9486-8962-d362-af6a78b34ae0" executionId="0c7257d2-dea7-4943-8886-6cbec9430359" testListId="8c84fa94-04c1-424b-9868-57a2d4851a1d" />
    <TestEntry testId="4f51aaaf-5aaf-c97d-6823-51f38a0c7b25" executionId="35473183-bf32-419e-a212-00d17d962342" testListId="8c84fa94-04c1-424b-9868-57a2d4851a1d" />
    <TestEntry testId="0304dbde-3be1-55b6-7c74-1904dfdafe3a" executionId="03d550c3-d2fc-4c89-bfe2-0cc316c1dee8" testListId="8c84fa94-04c1-424b-9868-57a2d4851a1d" />
    <TestEntry testId="1ce23298-4645-5f70-eb35-21bc78efb82e" executionId="f5d27cd4-0b28-4013-9628-5be9d6c5871c" testListId="8c84fa94-04c1-424b-9868-57a2d4851a1d" />
    <TestEntry testId="5c9310af-fb77-d6b0-4bc8-79a980735c0a" executionId="fe8d2a66-7361-4005-a518-6f790b79e43b" testListId="8c84fa94-04c1-424b-9868-57a2d4851a1d" />
    <TestEntry testId="5f13569b-f776-395f-d51f-81b6db28d4c4" executionId="2a12d717-374b-423f-8783-15944fd379b9" testListId="8c84fa94-04c1-424b-9868-57a2d4851a1d" />
    <TestEntry testId="0d786b7b-caa4-2567-a381-11b870483a10" executionId="5f6dbe57-3644-4214-8a46-d58059aa0784" testListId="8c84fa94-04c1-424b-9868-57a2d4851a1d" />
    <TestEntry testId="85f6af41-81cd-929f-7956-1cc5999bd4d7" executionId="0f399d4d-14b3-4926-841f-bd217795bb68" testListId="8c84fa94-04c1-424b-9868-57a2d4851a1d" />
    <TestEntry testId="6cecaa58-9efc-a119-70e2-280950af6ba2" executionId="53c546de-3d04-471a-86ca-4760baa3415a" testListId="8c84fa94-04c1-424b-9868-57a2d4851a1d" />
    <TestEntry testId="8b635890-86b0-ce5d-2d9a-dab52d409277" executionId="b8d728a0-7048-48e8-a3bf-4f050083976f" testListId="8c84fa94-04c1-424b-9868-57a2d4851a1d" />
    <TestEntry testId="709a0334-64bd-a375-be16-77d7d881bd7c" executionId="8c1b06a4-07fd-448c-a0ee-e50502d8a2b3" testListId="8c84fa94-04c1-424b-9868-57a2d4851a1d" />
    <TestEntry testId="da9411ba-6c35-c1e3-e865-0e86cb04cfee" executionId="0b050caa-ebd6-4b03-af2b-6f11a1d1dfeb" testListId="8c84fa94-04c1-424b-9868-57a2d4851a1d" />
    <TestEntry testId="0625a3ff-a022-4611-5511-ead3093e4c92" executionId="e0b0724b-5679-4b65-b482-f38c50724efa" testListId="8c84fa94-04c1-424b-9868-57a2d4851a1d" />
    <TestEntry testId="e214b3de-7089-5bb1-630a-c40120bfd203" executionId="ce3e786d-ff48-4a23-b4c0-f262f6a17a51" testListId="8c84fa94-04c1-424b-9868-57a2d4851a1d" />
    <TestEntry testId="76d9d449-b3eb-7b51-706b-941d4e3d80b6" executionId="ff985bd5-3b78-41a2-9454-f59af828bff1" testListId="8c84fa94-04c1-424b-9868-57a2d4851a1d" />
    <TestEntry testId="445d5b9f-20b0-2b8f-0af3-b0dda6af8cfd" executionId="127cf47c-aeb8-40c4-8dc9-4322179bb2be" testListId="8c84fa94-04c1-424b-9868-57a2d4851a1d" />
    <TestEntry testId="0469b877-c454-9e7f-b34b-4957d9afa708" executionId="20de79ed-9e43-42a9-97e4-3185f9408e49" testListId="8c84fa94-04c1-424b-9868-57a2d4851a1d" />
    <TestEntry testId="4616e142-10bb-ed02-1e8e-d39e6f5299ec" executionId="4edf4eb0-adeb-4a4c-aed4-0088a4b9b617" testListId="8c84fa94-04c1-424b-9868-57a2d4851a1d" />
    <TestEntry testId="42ccc301-fc4c-84e3-4b93-b826ee5b94e9" executionId="7c40720d-0822-4bbb-a785-18abd7b2ecba" testListId="8c84fa94-04c1-424b-9868-57a2d4851a1d" />
    <TestEntry testId="3fda317a-3fe0-bc82-736b-194d77998207" executionId="9591cdf3-d349-4b34-8241-843b3aca00a2" testListId="8c84fa94-04c1-424b-9868-57a2d4851a1d" />
    <TestEntry testId="73266d59-53c2-0e14-1ace-40fde7eaaa43" executionId="8245c8e3-ce01-4ad8-9185-bb8cd60c5d0d" testListId="8c84fa94-04c1-424b-9868-57a2d4851a1d" />
    <TestEntry testId="3d21154c-8505-bea8-3a82-5fceae44f06b" executionId="0cc0f799-af8e-4d44-b199-c3779ea754f3" testListId="8c84fa94-04c1-424b-9868-57a2d4851a1d" />
    <TestEntry testId="edbd1ccb-452a-a361-1a94-53e668adbdc4" executionId="521c1853-c933-4974-9040-c7bf8fd9d070" testListId="8c84fa94-04c1-424b-9868-57a2d4851a1d" />
    <TestEntry testId="1d992660-7050-1a6d-1f8a-f81256a119e2" executionId="61e45018-c8f1-4433-a888-ef8d978ae94b" testListId="8c84fa94-04c1-424b-9868-57a2d4851a1d" />
    <TestEntry testId="d29bae8e-ccd2-1ca7-5406-3448543074ab" executionId="e79a4ceb-fa18-45ae-91c2-5baef3a47cd2" testListId="8c84fa94-04c1-424b-9868-57a2d4851a1d" />
    <TestEntry testId="6681aa69-007a-2c47-bed0-a18b4f66f550" executionId="a421235e-01bf-4260-9bf2-f62d6dd8f986" testListId="8c84fa94-04c1-424b-9868-57a2d4851a1d" />
    <TestEntry testId="40c8d586-7f0d-ff3f-8d05-099e5958b668" executionId="f43da674-3285-4878-88b3-a1d9faa58819" testListId="8c84fa94-04c1-424b-9868-57a2d4851a1d" />
    <TestEntry testId="f5c040f3-4c6d-304c-e939-7630e33e68af" executionId="fd4c09e8-87f0-4891-9a7f-1470be7a183c" testListId="8c84fa94-04c1-424b-9868-57a2d4851a1d" />
    <TestEntry testId="00ee9465-2c51-d6bf-1273-74cb7516b68f" executionId="1574cfeb-3f4a-4177-9236-591aba02217d" testListId="8c84fa94-04c1-424b-9868-57a2d4851a1d" />
    <TestEntry testId="651b072a-f0ea-a376-3983-95379a2928ca" executionId="25cf14c0-aa81-48d3-92aa-1e2a4559905b" testListId="8c84fa94-04c1-424b-9868-57a2d4851a1d" />
    <TestEntry testId="3882f32f-7948-d678-3b06-e4320c3676e8" executionId="6061dd99-b0ab-47fe-820a-03fe7aa73895" testListId="8c84fa94-04c1-424b-9868-57a2d4851a1d" />
    <TestEntry testId="cd351b1c-466b-f650-f2f9-a0c43edc7a51" executionId="a3281caa-0d2a-43e0-bce3-18c6a1c36ebc" testListId="8c84fa94-04c1-424b-9868-57a2d4851a1d" />
    <TestEntry testId="dcd320e0-2b70-aa96-4795-82900af314cf" executionId="282f1ec5-4163-4e9b-86dd-57ef86303d72" testListId="8c84fa94-04c1-424b-9868-57a2d4851a1d" />
    <TestEntry testId="71024650-4a93-b97b-fe7c-0701a0ba3908" executionId="27f6d618-eb1b-4853-8f83-4e401efe0c1e" testListId="8c84fa94-04c1-424b-9868-57a2d4851a1d" />
  </TestEntries>
  <TestLists>
    <TestList name="Results Not in a List" id="8c84fa94-04c1-424b-9868-57a2d4851a1d" />
    <TestList name="All Loaded Results" id="19431567-8539-422a-85d7-44ee4e166bda" />
  </TestLists>
  <ResultSummary outcome="Completed">
    <Counters total="50" executed="50" passed="50" failed="0" error="0" timeout="0" aborted="0" inconclusive="0" passedButRunAborted="0" notRunnable="0" notExecuted="0" disconnected="0" warning="0" completed="0" inProgress="0" pending="0" />
    <Output>
      <StdOut>[xUnit.net 00:00:00.00] xUnit.net VSTest Adapter v3.1.1+bf6400fd51 (64-bit .NET 9.0.6)&#xD;
[xUnit.net 00:00:00.33]   Discovering: ExxerAI.Infrastructure.Tests&#xD;
[xUnit.net 00:00:00.40]   Discovered:  ExxerAI.Infrastructure.Tests&#xD;
[xUnit.net 00:00:00.45]   Starting:    ExxerAI.Infrastructure.Tests&#xD;
[xUnit.net 00:00:01.17]   Finished:    ExxerAI.Infrastructure.Tests&#xD;
</StdOut>
    </Output>
  </ResultSummary>
</TestRun>