<?xml version="1.0" encoding="utf-8"?>
<TestRun id="b326cfd2-1bfa-477e-b950-ca7a3d69b960" name="Abel Briones@DESKTOP-FB2ES22 2025-07-04 22:35:34" runUser="DESKTOP-FB2ES22\Abel Briones" xmlns="http://microsoft.com/schemas/VisualStudio/TeamTest/2010">
  <Times creation="2025-07-04T22:35:34.3454584-06:00" queuing="2025-07-04T22:35:34.3454588-06:00" start="2025-07-04T22:35:33.6721669-06:00" finish="2025-07-04T22:35:34.3715710-06:00" />
  <TestSettings name="default" id="2ff43070-afb0-483b-aee7-9450eaf8c9ca">
    <Deployment runDeploymentRoot="Abel_Briones_DESKTOP-FB2ES22_2025-07-04_22_35_34" />
  </TestSettings>
  <Results>
    <UnitTestResult executionId="578c5fc6-9a20-4052-b1b4-dab462ebe70d" testId="dd405242-79ce-8db3-e116-75cb9ddc030a" testName="ExxerAI.Domain.Tests.ResultRecoveryTests.Match_ShouldExecuteFailureFunction_WhenResultIsFailure" computerName="DESKTOP-FB2ES22" duration="00:00:00.0001268" startTime="2025-07-04T22:35:34.3255884-06:00" endTime="2025-07-04T22:35:34.3256100-06:00" testType="13cdc9d9-ddb5-4fa4-a97d-d965ccfc6d4b" outcome="Passed" testListId="8c84fa94-04c1-424b-9868-57a2d4851a1d" relativeResultsDirectory="578c5fc6-9a20-4052-b1b4-dab462ebe70d" />
    <UnitTestResult executionId="6338130f-e4a0-403e-9d90-7b1566dccfcc" testId="87dd9720-59f0-5d96-a0b1-30e2237fa17f" testName="ExxerAI.Domain.Tests.ResultRecoveryTests.RecoverWith_ShouldHandleNullValues_Safely" computerName="DESKTOP-FB2ES22" duration="00:00:00.0009110" startTime="2025-07-04T22:35:34.2995632-06:00" endTime="2025-07-04T22:35:34.2996068-06:00" testType="13cdc9d9-ddb5-4fa4-a97d-d965ccfc6d4b" outcome="Passed" testListId="8c84fa94-04c1-424b-9868-57a2d4851a1d" relativeResultsDirectory="6338130f-e4a0-403e-9d90-7b1566dccfcc" />
    <UnitTestResult executionId="46adc440-17e1-4b5c-bf21-9029381908ba" testId="008d66c0-68ae-7829-664e-3dc25b2e2040" testName="ExxerAI.Domain.Tests.ResultRecoveryTests.GenericRecover_ShouldExecuteRecoveryFunction_WhenResultIsFailure" computerName="DESKTOP-FB2ES22" duration="00:00:00.0001780" startTime="2025-07-04T22:35:34.2999112-06:00" endTime="2025-07-04T22:35:34.2999410-06:00" testType="13cdc9d9-ddb5-4fa4-a97d-d965ccfc6d4b" outcome="Passed" testListId="8c84fa94-04c1-424b-9868-57a2d4851a1d" relativeResultsDirectory="46adc440-17e1-4b5c-bf21-9029381908ba" />
    <UnitTestResult executionId="2a87e080-3c6c-417a-b377-8a29526a9a6a" testId="16d31d88-edfc-bb90-20d5-da0e3c90eeac" testName="ExxerAI.Domain.Tests.ResultRecoveryTests.RecoverWith_ShouldConvertCompatibleTypes_WhenResultIsSuccess" computerName="DESKTOP-FB2ES22" duration="00:00:00.0002236" startTime="2025-07-04T22:35:34.3018258-06:00" endTime="2025-07-04T22:35:34.3019818-06:00" testType="13cdc9d9-ddb5-4fa4-a97d-d965ccfc6d4b" outcome="Passed" testListId="8c84fa94-04c1-424b-9868-57a2d4851a1d" relativeResultsDirectory="2a87e080-3c6c-417a-b377-8a29526a9a6a" />
    <UnitTestResult executionId="39a000ff-cf2e-4433-a5ae-0d1d241c07bd" testId="08bb7c34-aa66-9584-c4ff-aa983410d966" testName="ExxerAI.Domain.Tests.ResultRecoveryTests.Recover_ShouldExecuteRecoveryFunction_WhenResultIsFailure" computerName="DESKTOP-FB2ES22" duration="00:00:00.0008340" startTime="2025-07-04T22:35:34.3008184-06:00" endTime="2025-07-04T22:35:34.3016597-06:00" testType="13cdc9d9-ddb5-4fa4-a97d-d965ccfc6d4b" outcome="Passed" testListId="8c84fa94-04c1-424b-9868-57a2d4851a1d" relativeResultsDirectory="39a000ff-cf2e-4433-a5ae-0d1d241c07bd" />
    <UnitTestResult executionId="e5a8716b-7156-4083-8f8d-1ea4e08fc754" testId="c7c67a5e-ba5d-a183-c954-80220aae8abb" testName="ExxerAI.Domain.Tests.ResultRecoveryTests.RecoverWith_ShouldReturnFailure_WhenTypeConversionIsIncompatible" computerName="DESKTOP-FB2ES22" duration="00:00:00.0001910" startTime="2025-07-04T22:35:34.3252046-06:00" endTime="2025-07-04T22:35:34.3252649-06:00" testType="13cdc9d9-ddb5-4fa4-a97d-d965ccfc6d4b" outcome="Passed" testListId="8c84fa94-04c1-424b-9868-57a2d4851a1d" relativeResultsDirectory="e5a8716b-7156-4083-8f8d-1ea4e08fc754" />
    <UnitTestResult executionId="a7461c5c-ad2e-4057-ad21-fd9905e5b77d" testId="02099127-b2d4-5e43-22a8-ff63a7206855" testName="ExxerAI.Domain.Tests.ResultRecoveryTests.RecoverWith_ShouldExecuteRecoveryFunction_WhenResultIsFailure" computerName="DESKTOP-FB2ES22" duration="00:00:00.0052368" startTime="2025-07-04T22:35:34.3000695-06:00" endTime="2025-07-04T22:35:34.3003536-06:00" testType="13cdc9d9-ddb5-4fa4-a97d-d965ccfc6d4b" outcome="Passed" testListId="8c84fa94-04c1-424b-9868-57a2d4851a1d" relativeResultsDirectory="a7461c5c-ad2e-4057-ad21-fd9905e5b77d" />
    <UnitTestResult executionId="49369e38-59ae-4e2c-8578-b8f5d540bde4" testId="a8617554-53f6-76b6-bfad-dde010670e7f" testName="ExxerAI.Domain.Tests.ResultRecoveryTests.GenericRecover_ShouldReturnOriginalResult_WhenResultIsSuccess" computerName="DESKTOP-FB2ES22" duration="00:00:00.0062282" startTime="2025-07-04T22:35:34.2830574-06:00" endTime="2025-07-04T22:35:34.2933973-06:00" testType="13cdc9d9-ddb5-4fa4-a97d-d965ccfc6d4b" outcome="Passed" testListId="8c84fa94-04c1-424b-9868-57a2d4851a1d" relativeResultsDirectory="49369e38-59ae-4e2c-8578-b8f5d540bde4" />
    <UnitTestResult executionId="d1e61a96-e6f3-4f99-926f-cb9c7a4f785e" testId="c3905146-5b5f-0646-6962-9ae0a2f45af6" testName="ExxerAI.Domain.Tests.ResultRecoveryTests.RecoverWith_ShouldHandleComplexTypeConversions_SafelyWithoutExceptions" computerName="DESKTOP-FB2ES22" duration="00:00:00.0003448" startTime="2025-07-04T22:35:34.3004283-06:00" endTime="2025-07-04T22:35:34.3007268-06:00" testType="13cdc9d9-ddb5-4fa4-a97d-d965ccfc6d4b" outcome="Passed" testListId="8c84fa94-04c1-424b-9868-57a2d4851a1d" relativeResultsDirectory="d1e61a96-e6f3-4f99-926f-cb9c7a4f785e" />
    <UnitTestResult executionId="bd8effb7-95ae-4f52-9f91-ae708f68928b" testId="7c60b7b8-56a0-0a25-fba5-f9783bc573e0" testName="ExxerAI.Domain.Tests.ResultRecoveryTests.Recover_ShouldReturnOriginalResult_WhenResultIsSuccess" computerName="DESKTOP-FB2ES22" duration="00:00:00.0001119" startTime="2025-07-04T22:35:34.3017428-06:00" endTime="2025-07-04T22:35:34.3017692-06:00" testType="13cdc9d9-ddb5-4fa4-a97d-d965ccfc6d4b" outcome="Passed" testListId="8c84fa94-04c1-424b-9868-57a2d4851a1d" relativeResultsDirectory="bd8effb7-95ae-4f52-9f91-ae708f68928b" />
    <UnitTestResult executionId="5faafbcf-5434-4926-8a2e-e20591dc9af1" testId="c1c35af9-2fcf-f6c9-459e-c3e6d2214d26" testName="ExxerAI.Domain.Tests.ResultRecoveryTests.NonGenericMatch_ShouldHandleNullErrors_Gracefully" computerName="DESKTOP-FB2ES22" duration="00:00:00.0004648" startTime="2025-07-04T22:35:34.2999998-06:00" endTime="2025-07-04T22:35:34.3000207-06:00" testType="13cdc9d9-ddb5-4fa4-a97d-d965ccfc6d4b" outcome="Passed" testListId="8c84fa94-04c1-424b-9868-57a2d4851a1d" relativeResultsDirectory="5faafbcf-5434-4926-8a2e-e20591dc9af1" />
    <UnitTestResult executionId="a01e9d60-e4d5-44c2-b58a-26ef7d6ff28f" testId="4dbbb630-7076-d661-260e-a96c44502222" testName="ExxerAI.Domain.Tests.ResultRecoveryTests.Match_ShouldExecuteSuccessFunction_WhenResultIsSuccess" computerName="DESKTOP-FB2ES22" duration="00:00:00.0004120" startTime="2025-07-04T22:35:34.3255056-06:00" endTime="2025-07-04T22:35:34.3255305-06:00" testType="13cdc9d9-ddb5-4fa4-a97d-d965ccfc6d4b" outcome="Passed" testListId="8c84fa94-04c1-424b-9868-57a2d4851a1d" relativeResultsDirectory="a01e9d60-e4d5-44c2-b58a-26ef7d6ff28f" />
  </Results>
  <TestDefinitions>
    <UnitTest name="ExxerAI.Domain.Tests.ResultRecoveryTests.Recover_ShouldExecuteRecoveryFunction_WhenResultIsFailure" storage="f:\dynamic\exxerai\exxerai\code\artifacts\bin\exxerai.domain.tests\debug\net9.0\exxerai.domain.tests.dll" id="08bb7c34-aa66-9584-c4ff-aa983410d966">
      <Execution id="39a000ff-cf2e-4433-a5ae-0d1d241c07bd" />
      <TestMethod codeBase="F:\Dynamic\ExxerAi\ExxerAI\code\artifacts\bin\ExxerAI.Domain.Tests\Debug\net9.0\ExxerAI.Domain.Tests.dll" adapterTypeName="executor://xunit/VsTestRunner3/netcore/" className="ExxerAI.Domain.Tests.ResultRecoveryTests" name="Recover_ShouldExecuteRecoveryFunction_WhenResultIsFailure" />
    </UnitTest>
    <UnitTest name="ExxerAI.Domain.Tests.ResultRecoveryTests.Recover_ShouldReturnOriginalResult_WhenResultIsSuccess" storage="f:\dynamic\exxerai\exxerai\code\artifacts\bin\exxerai.domain.tests\debug\net9.0\exxerai.domain.tests.dll" id="7c60b7b8-56a0-0a25-fba5-f9783bc573e0">
      <Execution id="bd8effb7-95ae-4f52-9f91-ae708f68928b" />
      <TestMethod codeBase="F:\Dynamic\ExxerAi\ExxerAI\code\artifacts\bin\ExxerAI.Domain.Tests\Debug\net9.0\ExxerAI.Domain.Tests.dll" adapterTypeName="executor://xunit/VsTestRunner3/netcore/" className="ExxerAI.Domain.Tests.ResultRecoveryTests" name="Recover_ShouldReturnOriginalResult_WhenResultIsSuccess" />
    </UnitTest>
    <UnitTest name="ExxerAI.Domain.Tests.ResultRecoveryTests.RecoverWith_ShouldConvertCompatibleTypes_WhenResultIsSuccess" storage="f:\dynamic\exxerai\exxerai\code\artifacts\bin\exxerai.domain.tests\debug\net9.0\exxerai.domain.tests.dll" id="16d31d88-edfc-bb90-20d5-da0e3c90eeac">
      <Execution id="2a87e080-3c6c-417a-b377-8a29526a9a6a" />
      <TestMethod codeBase="F:\Dynamic\ExxerAi\ExxerAI\code\artifacts\bin\ExxerAI.Domain.Tests\Debug\net9.0\ExxerAI.Domain.Tests.dll" adapterTypeName="executor://xunit/VsTestRunner3/netcore/" className="ExxerAI.Domain.Tests.ResultRecoveryTests" name="RecoverWith_ShouldConvertCompatibleTypes_WhenResultIsSuccess" />
    </UnitTest>
    <UnitTest name="ExxerAI.Domain.Tests.ResultRecoveryTests.RecoverWith_ShouldHandleComplexTypeConversions_SafelyWithoutExceptions" storage="f:\dynamic\exxerai\exxerai\code\artifacts\bin\exxerai.domain.tests\debug\net9.0\exxerai.domain.tests.dll" id="c3905146-5b5f-0646-6962-9ae0a2f45af6">
      <Execution id="d1e61a96-e6f3-4f99-926f-cb9c7a4f785e" />
      <TestMethod codeBase="F:\Dynamic\ExxerAi\ExxerAI\code\artifacts\bin\ExxerAI.Domain.Tests\Debug\net9.0\ExxerAI.Domain.Tests.dll" adapterTypeName="executor://xunit/VsTestRunner3/netcore/" className="ExxerAI.Domain.Tests.ResultRecoveryTests" name="RecoverWith_ShouldHandleComplexTypeConversions_SafelyWithoutExceptions" />
    </UnitTest>
    <UnitTest name="ExxerAI.Domain.Tests.ResultRecoveryTests.RecoverWith_ShouldHandleNullValues_Safely" storage="f:\dynamic\exxerai\exxerai\code\artifacts\bin\exxerai.domain.tests\debug\net9.0\exxerai.domain.tests.dll" id="87dd9720-59f0-5d96-a0b1-30e2237fa17f">
      <Execution id="6338130f-e4a0-403e-9d90-7b1566dccfcc" />
      <TestMethod codeBase="F:\Dynamic\ExxerAi\ExxerAI\code\artifacts\bin\ExxerAI.Domain.Tests\Debug\net9.0\ExxerAI.Domain.Tests.dll" adapterTypeName="executor://xunit/VsTestRunner3/netcore/" className="ExxerAI.Domain.Tests.ResultRecoveryTests" name="RecoverWith_ShouldHandleNullValues_Safely" />
    </UnitTest>
    <UnitTest name="ExxerAI.Domain.Tests.ResultRecoveryTests.RecoverWith_ShouldReturnFailure_WhenTypeConversionIsIncompatible" storage="f:\dynamic\exxerai\exxerai\code\artifacts\bin\exxerai.domain.tests\debug\net9.0\exxerai.domain.tests.dll" id="c7c67a5e-ba5d-a183-c954-80220aae8abb">
      <Execution id="e5a8716b-7156-4083-8f8d-1ea4e08fc754" />
      <TestMethod codeBase="F:\Dynamic\ExxerAi\ExxerAI\code\artifacts\bin\ExxerAI.Domain.Tests\Debug\net9.0\ExxerAI.Domain.Tests.dll" adapterTypeName="executor://xunit/VsTestRunner3/netcore/" className="ExxerAI.Domain.Tests.ResultRecoveryTests" name="RecoverWith_ShouldReturnFailure_WhenTypeConversionIsIncompatible" />
    </UnitTest>
    <UnitTest name="ExxerAI.Domain.Tests.ResultRecoveryTests.RecoverWith_ShouldExecuteRecoveryFunction_WhenResultIsFailure" storage="f:\dynamic\exxerai\exxerai\code\artifacts\bin\exxerai.domain.tests\debug\net9.0\exxerai.domain.tests.dll" id="02099127-b2d4-5e43-22a8-ff63a7206855">
      <Execution id="a7461c5c-ad2e-4057-ad21-fd9905e5b77d" />
      <TestMethod codeBase="F:\Dynamic\ExxerAi\ExxerAI\code\artifacts\bin\ExxerAI.Domain.Tests\Debug\net9.0\ExxerAI.Domain.Tests.dll" adapterTypeName="executor://xunit/VsTestRunner3/netcore/" className="ExxerAI.Domain.Tests.ResultRecoveryTests" name="RecoverWith_ShouldExecuteRecoveryFunction_WhenResultIsFailure" />
    </UnitTest>
    <UnitTest name="ExxerAI.Domain.Tests.ResultRecoveryTests.GenericRecover_ShouldReturnOriginalResult_WhenResultIsSuccess" storage="f:\dynamic\exxerai\exxerai\code\artifacts\bin\exxerai.domain.tests\debug\net9.0\exxerai.domain.tests.dll" id="a8617554-53f6-76b6-bfad-dde010670e7f">
      <Execution id="49369e38-59ae-4e2c-8578-b8f5d540bde4" />
      <TestMethod codeBase="F:\Dynamic\ExxerAi\ExxerAI\code\artifacts\bin\ExxerAI.Domain.Tests\Debug\net9.0\ExxerAI.Domain.Tests.dll" adapterTypeName="executor://xunit/VsTestRunner3/netcore/" className="ExxerAI.Domain.Tests.ResultRecoveryTests" name="GenericRecover_ShouldReturnOriginalResult_WhenResultIsSuccess" />
    </UnitTest>
    <UnitTest name="ExxerAI.Domain.Tests.ResultRecoveryTests.Match_ShouldExecuteFailureFunction_WhenResultIsFailure" storage="f:\dynamic\exxerai\exxerai\code\artifacts\bin\exxerai.domain.tests\debug\net9.0\exxerai.domain.tests.dll" id="dd405242-79ce-8db3-e116-75cb9ddc030a">
      <Execution id="578c5fc6-9a20-4052-b1b4-dab462ebe70d" />
      <TestMethod codeBase="F:\Dynamic\ExxerAi\ExxerAI\code\artifacts\bin\ExxerAI.Domain.Tests\Debug\net9.0\ExxerAI.Domain.Tests.dll" adapterTypeName="executor://xunit/VsTestRunner3/netcore/" className="ExxerAI.Domain.Tests.ResultRecoveryTests" name="Match_ShouldExecuteFailureFunction_WhenResultIsFailure" />
    </UnitTest>
    <UnitTest name="ExxerAI.Domain.Tests.ResultRecoveryTests.NonGenericMatch_ShouldHandleNullErrors_Gracefully" storage="f:\dynamic\exxerai\exxerai\code\artifacts\bin\exxerai.domain.tests\debug\net9.0\exxerai.domain.tests.dll" id="c1c35af9-2fcf-f6c9-459e-c3e6d2214d26">
      <Execution id="5faafbcf-5434-4926-8a2e-e20591dc9af1" />
      <TestMethod codeBase="F:\Dynamic\ExxerAi\ExxerAI\code\artifacts\bin\ExxerAI.Domain.Tests\Debug\net9.0\ExxerAI.Domain.Tests.dll" adapterTypeName="executor://xunit/VsTestRunner3/netcore/" className="ExxerAI.Domain.Tests.ResultRecoveryTests" name="NonGenericMatch_ShouldHandleNullErrors_Gracefully" />
    </UnitTest>
    <UnitTest name="ExxerAI.Domain.Tests.ResultRecoveryTests.GenericRecover_ShouldExecuteRecoveryFunction_WhenResultIsFailure" storage="f:\dynamic\exxerai\exxerai\code\artifacts\bin\exxerai.domain.tests\debug\net9.0\exxerai.domain.tests.dll" id="008d66c0-68ae-7829-664e-3dc25b2e2040">
      <Execution id="46adc440-17e1-4b5c-bf21-9029381908ba" />
      <TestMethod codeBase="F:\Dynamic\ExxerAi\ExxerAI\code\artifacts\bin\ExxerAI.Domain.Tests\Debug\net9.0\ExxerAI.Domain.Tests.dll" adapterTypeName="executor://xunit/VsTestRunner3/netcore/" className="ExxerAI.Domain.Tests.ResultRecoveryTests" name="GenericRecover_ShouldExecuteRecoveryFunction_WhenResultIsFailure" />
    </UnitTest>
    <UnitTest name="ExxerAI.Domain.Tests.ResultRecoveryTests.Match_ShouldExecuteSuccessFunction_WhenResultIsSuccess" storage="f:\dynamic\exxerai\exxerai\code\artifacts\bin\exxerai.domain.tests\debug\net9.0\exxerai.domain.tests.dll" id="4dbbb630-7076-d661-260e-a96c44502222">
      <Execution id="a01e9d60-e4d5-44c2-b58a-26ef7d6ff28f" />
      <TestMethod codeBase="F:\Dynamic\ExxerAi\ExxerAI\code\artifacts\bin\ExxerAI.Domain.Tests\Debug\net9.0\ExxerAI.Domain.Tests.dll" adapterTypeName="executor://xunit/VsTestRunner3/netcore/" className="ExxerAI.Domain.Tests.ResultRecoveryTests" name="Match_ShouldExecuteSuccessFunction_WhenResultIsSuccess" />
    </UnitTest>
  </TestDefinitions>
  <TestEntries>
    <TestEntry testId="dd405242-79ce-8db3-e116-75cb9ddc030a" executionId="578c5fc6-9a20-4052-b1b4-dab462ebe70d" testListId="8c84fa94-04c1-424b-9868-57a2d4851a1d" />
    <TestEntry testId="87dd9720-59f0-5d96-a0b1-30e2237fa17f" executionId="6338130f-e4a0-403e-9d90-7b1566dccfcc" testListId="8c84fa94-04c1-424b-9868-57a2d4851a1d" />
    <TestEntry testId="008d66c0-68ae-7829-664e-3dc25b2e2040" executionId="46adc440-17e1-4b5c-bf21-9029381908ba" testListId="8c84fa94-04c1-424b-9868-57a2d4851a1d" />
    <TestEntry testId="16d31d88-edfc-bb90-20d5-da0e3c90eeac" executionId="2a87e080-3c6c-417a-b377-8a29526a9a6a" testListId="8c84fa94-04c1-424b-9868-57a2d4851a1d" />
    <TestEntry testId="08bb7c34-aa66-9584-c4ff-aa983410d966" executionId="39a000ff-cf2e-4433-a5ae-0d1d241c07bd" testListId="8c84fa94-04c1-424b-9868-57a2d4851a1d" />
    <TestEntry testId="c7c67a5e-ba5d-a183-c954-80220aae8abb" executionId="e5a8716b-7156-4083-8f8d-1ea4e08fc754" testListId="8c84fa94-04c1-424b-9868-57a2d4851a1d" />
    <TestEntry testId="02099127-b2d4-5e43-22a8-ff63a7206855" executionId="a7461c5c-ad2e-4057-ad21-fd9905e5b77d" testListId="8c84fa94-04c1-424b-9868-57a2d4851a1d" />
    <TestEntry testId="a8617554-53f6-76b6-bfad-dde010670e7f" executionId="49369e38-59ae-4e2c-8578-b8f5d540bde4" testListId="8c84fa94-04c1-424b-9868-57a2d4851a1d" />
    <TestEntry testId="c3905146-5b5f-0646-6962-9ae0a2f45af6" executionId="d1e61a96-e6f3-4f99-926f-cb9c7a4f785e" testListId="8c84fa94-04c1-424b-9868-57a2d4851a1d" />
    <TestEntry testId="7c60b7b8-56a0-0a25-fba5-f9783bc573e0" executionId="bd8effb7-95ae-4f52-9f91-ae708f68928b" testListId="8c84fa94-04c1-424b-9868-57a2d4851a1d" />
    <TestEntry testId="c1c35af9-2fcf-f6c9-459e-c3e6d2214d26" executionId="5faafbcf-5434-4926-8a2e-e20591dc9af1" testListId="8c84fa94-04c1-424b-9868-57a2d4851a1d" />
    <TestEntry testId="4dbbb630-7076-d661-260e-a96c44502222" executionId="a01e9d60-e4d5-44c2-b58a-26ef7d6ff28f" testListId="8c84fa94-04c1-424b-9868-57a2d4851a1d" />
  </TestEntries>
  <TestLists>
    <TestList name="Results Not in a List" id="8c84fa94-04c1-424b-9868-57a2d4851a1d" />
    <TestList name="All Loaded Results" id="19431567-8539-422a-85d7-44ee4e166bda" />
  </TestLists>
  <ResultSummary outcome="Completed">
    <Counters total="12" executed="12" passed="12" failed="0" error="0" timeout="0" aborted="0" inconclusive="0" passedButRunAborted="0" notRunnable="0" notExecuted="0" disconnected="0" warning="0" completed="0" inProgress="0" pending="0" />
    <Output>
      <StdOut>[xUnit.net 00:00:00.00] xUnit.net VSTest Adapter v3.1.1+bf6400fd51 (64-bit .NET 9.0.6)&#xD;
[xUnit.net 00:00:00.07]   Discovering: ExxerAI.Domain.Tests&#xD;
[xUnit.net 00:00:00.18]   Discovered:  ExxerAI.Domain.Tests&#xD;
[xUnit.net 00:00:00.19]   Starting:    ExxerAI.Domain.Tests&#xD;
[xUnit.net 00:00:00.25]   Finished:    ExxerAI.Domain.Tests&#xD;
</StdOut>
    </Output>
  </ResultSummary>
</TestRun>